Using pre-set license
Built from '2020.3/staging' branch; Version is '2020.3.6f1 (338bb68529b2) revision 3378102'; Using compiler version '192528614'; Build Type 'Release'
OS: 'Windows 10 Enterprise; OS build 19043.1110; Version 2009; 64bit' Language: 'ko' Physical Memory: 12121 MB
BatchMode: 1, IsHumanControllingUs: 0, StartBugReporterOnCrash: 0, Is64bit: 1, IsPro: 0

 COMMAND LINE ARGUMENTS:
C:\Program Files\Unity\Hub\Editor\2020.3.6f1\Editor\Unity.exe
-adb2
-batchMode
-noUpm
-name
AssetImportWorker0
-projectPath
C:/Users/lemog/move the word
-logFile
Logs/AssetImportWorker0.log
-srvPort
56121
Successfully changed project path to: C:/Users/lemog/move the word
C:/Users/lemog/move the word
Using Asset Import Pipeline V2.
Refreshing native plugins compatible for Editor in 38.86 ms, found 1 plugins.
Preloading 0 native plugins for Editor in 0.00 ms.
Initialize engine version: 2020.3.6f1 (338bb68529b2)
[Subsystems] Discovering subsystems at path C:/Program Files/Unity/Hub/Editor/2020.3.6f1/Editor/Data/Resources/UnitySubsystems
[Subsystems] Discovering subsystems at path C:/Users/lemog/move the word/Assets
GfxDevice: creating device client; threaded=0
Direct3D:
    Version:  Direct3D 11.0 [level 11.1]
    Renderer: Intel(R) UHD Graphics (ID=0x9b41)
    Vendor:   
    VRAM:     6060 MB
    Driver:   27.20.100.8729
Initialize mono
Mono path[0] = 'C:/Program Files/Unity/Hub/Editor/2020.3.6f1/Editor/Data/Managed'
Mono path[1] = 'C:/Program Files/Unity/Hub/Editor/2020.3.6f1/Editor/Data/MonoBleedingEdge/lib/mono/unityjit'
Mono config path = 'C:/Program Files/Unity/Hub/Editor/2020.3.6f1/Editor/Data/MonoBleedingEdge/etc'
Using monoOptions --debugger-agent=transport=dt_socket,embedding=1,server=y,suspend=n,address=127.0.0.1:56552
Begin MonoManager ReloadAssembly
Registering precompiled unity dll's ...
Register platform support module: C:/Program Files/Unity/Hub/Editor/2020.3.6f1/Editor/Data/PlaybackEngines/WindowsStandaloneSupport/UnityEditor.WindowsStandalone.Extensions.dll
Registered in 0.004020 seconds.
Native extension for WindowsStandalone target not found
Refreshing native plugins compatible for Editor in 45.63 ms, found 1 plugins.
Preloading 0 native plugins for Editor in 0.00 ms.
Mono: successfully reloaded assembly
- Completed reload, in  1.321 seconds
Platform modules already initialized, skipping
Registering precompiled user dll's ...
Registered in 0.001703 seconds.
Begin MonoManager ReloadAssembly
Native extension for WindowsStandalone target not found
Refreshing native plugins compatible for Editor in 63.89 ms, found 1 plugins.
Preloading 0 native plugins for Editor in 0.00 ms.
Mono: successfully reloaded assembly
- Completed reload, in  1.808 seconds
Platform modules already initialized, skipping
========================================================================
Worker process is ready to serve import requests
Launched and connected shader compiler UnityShaderCompiler.exe after 0.06 seconds
Refreshing native plugins compatible for Editor in 0.64 ms, found 1 plugins.
Preloading 0 native plugins for Editor in 0.00 ms.
Unloading 1813 Unused Serialized files (Serialized files now loaded: 0)
System memory in use before: 87.5 MB.
System memory in use after: 87.6 MB.

Unloading 19 unused Assets to reduce memory usage. Loaded Objects now: 2261.
Total: 3.727200 ms (FindLiveObjects: 0.339900 ms CreateObjectMapping: 0.171500 ms MarkObjects: 3.137100 ms  DeleteObjects: 0.076700 ms)

========================================================================
Received Import Request.
  path: Assets/Script/Map.cs
  artifactKey: Guid(fc89cc64b0cbbe240b3c4ca797c67cf3) Importer(815301076,1909f56bfc062723c751e8b465ee728b)
Start importing Assets/Script/Map.cs using Guid(fc89cc64b0cbbe240b3c4ca797c67cf3) Importer(815301076,1909f56bfc062723c751e8b465ee728b)  -> (artifact id: 'f522120fb15f217e018403bcffc6599d') in 0.037577 seconds
  Import took 0.042178 seconds .

========================================================================
Received Prepare
Refreshing native plugins compatible for Editor in 4.96 ms, found 1 plugins.
Preloading 0 native plugins for Editor in 0.00 ms.
Unloading 5 Unused Serialized files (Serialized files now loaded: 0)
System memory in use before: 51.3 MB.
System memory in use after: 51.4 MB.

Unloading 5 unused Assets to reduce memory usage. Loaded Objects now: 2261.
Total: 4.591000 ms (FindLiveObjects: 0.316800 ms CreateObjectMapping: 0.121300 ms MarkObjects: 4.114900 ms  DeleteObjects: 0.035400 ms)

========================================================================
Received Import Request.
  Time since last request: 52.370742 seconds.
  path: Assets/Script/Player.cs
  artifactKey: Guid(62f1e09cffd71734c81be5ee2b86804d) Importer(815301076,1909f56bfc062723c751e8b465ee728b)
Start importing Assets/Script/Player.cs using Guid(62f1e09cffd71734c81be5ee2b86804d) Importer(815301076,1909f56bfc062723c751e8b465ee728b)  -> (artifact id: 'b857eb26f6c9787fe6e4b066e1c56bd7') in 0.002101 seconds
  Import took 0.004940 seconds .

========================================================================
Received Import Request.
  Time since last request: 0.000600 seconds.
  path: Assets/Script/Player.cs
  artifactKey: Guid(62f1e09cffd71734c81be5ee2b86804d) Importer(815301076,1909f56bfc062723c751e8b465ee728b)
Start importing Assets/Script/Player.cs using Guid(62f1e09cffd71734c81be5ee2b86804d) Importer(815301076,1909f56bfc062723c751e8b465ee728b)  -> (artifact id: 'b857eb26f6c9787fe6e4b066e1c56bd7') in 0.003122 seconds
  Import took 0.006460 seconds .

========================================================================
Received Prepare
Registering precompiled user dll's ...
Registered in 0.001404 seconds.
Begin MonoManager ReloadAssembly
Native extension for WindowsStandalone target not found
Refreshing native plugins compatible for Editor in 0.38 ms, found 1 plugins.
Preloading 0 native plugins for Editor in 0.00 ms.
Mono: successfully reloaded assembly
- Completed reload, in  1.648 seconds
Platform modules already initialized, skipping
Refreshing native plugins compatible for Editor in 0.44 ms, found 1 plugins.
Preloading 0 native plugins for Editor in 0.00 ms.
Unloading 1803 Unused Serialized files (Serialized files now loaded: 0)
System memory in use before: 87.0 MB.
System memory in use after: 87.1 MB.

Unloading 7 unused Assets to reduce memory usage. Loaded Objects now: 2265.
Total: 3.318200 ms (FindLiveObjects: 0.292600 ms CreateObjectMapping: 0.239500 ms MarkObjects: 2.745800 ms  DeleteObjects: 0.037900 ms)

========================================================================
Received Prepare
Registering precompiled user dll's ...
Registered in 0.001132 seconds.
Begin MonoManager ReloadAssembly
Native extension for WindowsStandalone target not found
Refreshing native plugins compatible for Editor in 0.44 ms, found 1 plugins.
Preloading 0 native plugins for Editor in 0.00 ms.
Mono: successfully reloaded assembly
- Completed reload, in  0.904 seconds
Platform modules already initialized, skipping
Refreshing native plugins compatible for Editor in 0.32 ms, found 1 plugins.
Preloading 0 native plugins for Editor in 0.00 ms.
Unloading 1803 Unused Serialized files (Serialized files now loaded: 0)
System memory in use before: 87.1 MB.
System memory in use after: 87.2 MB.

Unloading 7 unused Assets to reduce memory usage. Loaded Objects now: 2269.
Total: 2.561000 ms (FindLiveObjects: 0.202100 ms CreateObjectMapping: 0.132100 ms MarkObjects: 2.209000 ms  DeleteObjects: 0.016400 ms)

========================================================================
Received Prepare
Registering precompiled user dll's ...
Registered in 0.001180 seconds.
Begin MonoManager ReloadAssembly
Native extension for WindowsStandalone target not found
Refreshing native plugins compatible for Editor in 0.39 ms, found 1 plugins.
Preloading 0 native plugins for Editor in 0.00 ms.
Mono: successfully reloaded assembly
- Completed reload, in  0.896 seconds
Platform modules already initialized, skipping
Refreshing native plugins compatible for Editor in 0.33 ms, found 1 plugins.
Preloading 0 native plugins for Editor in 0.00 ms.
Unloading 1803 Unused Serialized files (Serialized files now loaded: 0)
System memory in use before: 87.1 MB.
System memory in use after: 87.2 MB.

Unloading 7 unused Assets to reduce memory usage. Loaded Objects now: 2273.
Total: 2.049100 ms (FindLiveObjects: 0.165700 ms CreateObjectMapping: 0.063800 ms MarkObjects: 1.804500 ms  DeleteObjects: 0.014000 ms)

========================================================================
Received Prepare
Registering precompiled user dll's ...
Registered in 0.001244 seconds.
Begin MonoManager ReloadAssembly
Native extension for WindowsStandalone target not found
Refreshing native plugins compatible for Editor in 0.38 ms, found 1 plugins.
Preloading 0 native plugins for Editor in 0.00 ms.
Mono: successfully reloaded assembly
- Completed reload, in  0.908 seconds
Platform modules already initialized, skipping
Refreshing native plugins compatible for Editor in 0.31 ms, found 1 plugins.
Preloading 0 native plugins for Editor in 0.00 ms.
Unloading 1803 Unused Serialized files (Serialized files now loaded: 0)
System memory in use before: 87.1 MB.
System memory in use after: 87.2 MB.

Unloading 7 unused Assets to reduce memory usage. Loaded Objects now: 2277.
Total: 2.734100 ms (FindLiveObjects: 0.177700 ms CreateObjectMapping: 0.105300 ms MarkObjects: 2.422500 ms  DeleteObjects: 0.027100 ms)

========================================================================
Received Prepare
Registering precompiled user dll's ...
Registered in 0.001287 seconds.
Begin MonoManager ReloadAssembly
Native extension for WindowsStandalone target not found
Refreshing native plugins compatible for Editor in 0.32 ms, found 1 plugins.
Preloading 0 native plugins for Editor in 0.00 ms.
Mono: successfully reloaded assembly
- Completed reload, in  0.919 seconds
Platform modules already initialized, skipping
Refreshing native plugins compatible for Editor in 0.35 ms, found 1 plugins.
Preloading 0 native plugins for Editor in 0.00 ms.
Unloading 1803 Unused Serialized files (Serialized files now loaded: 0)
System memory in use before: 87.1 MB.
System memory in use after: 87.2 MB.

Unloading 7 unused Assets to reduce memory usage. Loaded Objects now: 2281.
Total: 1.918900 ms (FindLiveObjects: 0.146200 ms CreateObjectMapping: 0.048200 ms MarkObjects: 1.707700 ms  DeleteObjects: 0.015800 ms)

========================================================================
Received Prepare
Registering precompiled user dll's ...
Registered in 0.001457 seconds.
Begin MonoManager ReloadAssembly
Native extension for WindowsStandalone target not found
Refreshing native plugins compatible for Editor in 0.35 ms, found 1 plugins.
Preloading 0 native plugins for Editor in 0.00 ms.
Mono: successfully reloaded assembly
- Completed reload, in  0.951 seconds
Platform modules already initialized, skipping
Refreshing native plugins compatible for Editor in 0.31 ms, found 1 plugins.
Preloading 0 native plugins for Editor in 0.00 ms.
Unloading 1803 Unused Serialized files (Serialized files now loaded: 0)
System memory in use before: 87.1 MB.
System memory in use after: 87.2 MB.

Unloading 7 unused Assets to reduce memory usage. Loaded Objects now: 2285.
Total: 2.555300 ms (FindLiveObjects: 0.183800 ms CreateObjectMapping: 0.085200 ms MarkObjects: 2.268500 ms  DeleteObjects: 0.016700 ms)

========================================================================
Received Prepare
Registering precompiled user dll's ...
Registered in 0.001195 seconds.
Begin MonoManager ReloadAssembly
Native extension for WindowsStandalone target not found
Refreshing native plugins compatible for Editor in 0.32 ms, found 1 plugins.
Preloading 0 native plugins for Editor in 0.00 ms.
Mono: successfully reloaded assembly
- Completed reload, in  0.884 seconds
Platform modules already initialized, skipping
Refreshing native plugins compatible for Editor in 0.33 ms, found 1 plugins.
Preloading 0 native plugins for Editor in 0.00 ms.
Unloading 1803 Unused Serialized files (Serialized files now loaded: 0)
System memory in use before: 87.1 MB.
System memory in use after: 87.2 MB.

Unloading 7 unused Assets to reduce memory usage. Loaded Objects now: 2289.
Total: 2.465100 ms (FindLiveObjects: 0.166400 ms CreateObjectMapping: 0.058100 ms MarkObjects: 2.224500 ms  DeleteObjects: 0.015000 ms)

========================================================================
Received Prepare
Registering precompiled user dll's ...
Registered in 0.001231 seconds.
Begin MonoManager ReloadAssembly
Native extension for WindowsStandalone target not found
Refreshing native plugins compatible for Editor in 0.33 ms, found 1 plugins.
Preloading 0 native plugins for Editor in 0.00 ms.
Mono: successfully reloaded assembly
- Completed reload, in  0.899 seconds
Platform modules already initialized, skipping
Refreshing native plugins compatible for Editor in 0.31 ms, found 1 plugins.
Preloading 0 native plugins for Editor in 0.00 ms.
Unloading 1803 Unused Serialized files (Serialized files now loaded: 0)
System memory in use before: 87.1 MB.
System memory in use after: 87.2 MB.

Unloading 7 unused Assets to reduce memory usage. Loaded Objects now: 2293.
Total: 2.760400 ms (FindLiveObjects: 0.164800 ms CreateObjectMapping: 0.045700 ms MarkObjects: 2.534600 ms  DeleteObjects: 0.014200 ms)

========================================================================
Received Prepare
Registering precompiled user dll's ...
Registered in 0.001451 seconds.
Begin MonoManager ReloadAssembly
Native extension for WindowsStandalone target not found
Refreshing native plugins compatible for Editor in 0.35 ms, found 1 plugins.
Preloading 0 native plugins for Editor in 0.00 ms.
Mono: successfully reloaded assembly
- Completed reload, in  0.978 seconds
Platform modules already initialized, skipping
Refreshing native plugins compatible for Editor in 0.31 ms, found 1 plugins.
Preloading 0 native plugins for Editor in 0.00 ms.
Unloading 1803 Unused Serialized files (Serialized files now loaded: 0)
System memory in use before: 87.1 MB.
System memory in use after: 87.3 MB.

Unloading 7 unused Assets to reduce memory usage. Loaded Objects now: 2297.
Total: 2.575700 ms (FindLiveObjects: 0.362100 ms CreateObjectMapping: 0.099400 ms MarkObjects: 2.097800 ms  DeleteObjects: 0.015200 ms)

========================================================================
Received Prepare
Registering precompiled user dll's ...
Registered in 0.001211 seconds.
Begin MonoManager ReloadAssembly
Native extension for WindowsStandalone target not found
Refreshing native plugins compatible for Editor in 0.35 ms, found 1 plugins.
Preloading 0 native plugins for Editor in 0.00 ms.
Mono: successfully reloaded assembly
- Completed reload, in  1.019 seconds
Platform modules already initialized, skipping
Refreshing native plugins compatible for Editor in 0.34 ms, found 1 plugins.
Preloading 0 native plugins for Editor in 0.00 ms.
Unloading 1803 Unused Serialized files (Serialized files now loaded: 0)
System memory in use before: 87.1 MB.
System memory in use after: 87.3 MB.

Unloading 7 unused Assets to reduce memory usage. Loaded Objects now: 2301.
Total: 2.761100 ms (FindLiveObjects: 0.156600 ms CreateObjectMapping: 0.046900 ms MarkObjects: 2.540700 ms  DeleteObjects: 0.015300 ms)

========================================================================
Received Prepare
Registering precompiled user dll's ...
Registered in 0.001780 seconds.
Begin MonoManager ReloadAssembly
Native extension for WindowsStandalone target not found
Refreshing native plugins compatible for Editor in 0.32 ms, found 1 plugins.
Preloading 0 native plugins for Editor in 0.00 ms.
Mono: successfully reloaded assembly
- Completed reload, in  0.975 seconds
Platform modules already initialized, skipping
Refreshing native plugins compatible for Editor in 0.31 ms, found 1 plugins.
Preloading 0 native plugins for Editor in 0.00 ms.
Unloading 1803 Unused Serialized files (Serialized files now loaded: 0)
System memory in use before: 87.2 MB.
System memory in use after: 87.3 MB.

Unloading 7 unused Assets to reduce memory usage. Loaded Objects now: 2305.
Total: 2.837900 ms (FindLiveObjects: 0.135100 ms CreateObjectMapping: 0.043000 ms MarkObjects: 2.643700 ms  DeleteObjects: 0.014900 ms)

========================================================================
Received Prepare
Registering precompiled user dll's ...
Registered in 0.001130 seconds.
Begin MonoManager ReloadAssembly
Native extension for WindowsStandalone target not found
Refreshing native plugins compatible for Editor in 0.32 ms, found 1 plugins.
Preloading 0 native plugins for Editor in 0.00 ms.
Mono: successfully reloaded assembly
- Completed reload, in  0.963 seconds
Platform modules already initialized, skipping
Refreshing native plugins compatible for Editor in 0.31 ms, found 1 plugins.
Preloading 0 native plugins for Editor in 0.00 ms.
Unloading 1803 Unused Serialized files (Serialized files now loaded: 0)
System memory in use before: 87.2 MB.
System memory in use after: 87.3 MB.

Unloading 7 unused Assets to reduce memory usage. Loaded Objects now: 2309.
Total: 2.327600 ms (FindLiveObjects: 0.279900 ms CreateObjectMapping: 0.142400 ms MarkObjects: 1.886700 ms  DeleteObjects: 0.017300 ms)

========================================================================
Received Prepare
Registering precompiled user dll's ...
Registered in 0.001221 seconds.
Begin MonoManager ReloadAssembly
Native extension for WindowsStandalone target not found
Refreshing native plugins compatible for Editor in 0.35 ms, found 1 plugins.
Preloading 0 native plugins for Editor in 0.00 ms.
Mono: successfully reloaded assembly
- Completed reload, in  0.938 seconds
Platform modules already initialized, skipping
Refreshing native plugins compatible for Editor in 0.37 ms, found 1 plugins.
Preloading 0 native plugins for Editor in 0.00 ms.
Unloading 1803 Unused Serialized files (Serialized files now loaded: 0)
System memory in use before: 87.2 MB.
System memory in use after: 87.3 MB.

Unloading 7 unused Assets to reduce memory usage. Loaded Objects now: 2313.
Total: 6.051900 ms (FindLiveObjects: 0.518100 ms CreateObjectMapping: 0.231400 ms MarkObjects: 5.250700 ms  DeleteObjects: 0.048600 ms)

========================================================================
Received Prepare
Registering precompiled user dll's ...
Registered in 0.001130 seconds.
Begin MonoManager ReloadAssembly
Native extension for WindowsStandalone target not found
Refreshing native plugins compatible for Editor in 0.33 ms, found 1 plugins.
Preloading 0 native plugins for Editor in 0.00 ms.
Mono: successfully reloaded assembly
- Completed reload, in  0.979 seconds
Platform modules already initialized, skipping
Refreshing native plugins compatible for Editor in 0.33 ms, found 1 plugins.
Preloading 0 native plugins for Editor in 0.00 ms.
Unloading 1803 Unused Serialized files (Serialized files now loaded: 0)
System memory in use before: 87.2 MB.
System memory in use after: 87.3 MB.

Unloading 7 unused Assets to reduce memory usage. Loaded Objects now: 2317.
Total: 2.457800 ms (FindLiveObjects: 0.203900 ms CreateObjectMapping: 0.065700 ms MarkObjects: 2.166100 ms  DeleteObjects: 0.020500 ms)

========================================================================
Received Import Request.
  Time since last request: 1760.492989 seconds.
  path: Assets/prefab/word2.prefab
  artifactKey: Guid(4dcad80595feda04e9198166c5daf5d0) Importer(815301076,1909f56bfc062723c751e8b465ee728b)
Start importing Assets/prefab/word2.prefab using Guid(4dcad80595feda04e9198166c5daf5d0) Importer(815301076,1909f56bfc062723c751e8b465ee728b)  -> (artifact id: '6a1a4c95682a77ccbc7c7968f6568d4a') in 0.105780 seconds
  Import took 0.108778 seconds .

========================================================================
Received Import Request.
  Time since last request: 0.246941 seconds.
  path: Assets/prefab/word2.prefab
  artifactKey: Guid(4dcad80595feda04e9198166c5daf5d0) Importer(815301076,1909f56bfc062723c751e8b465ee728b)
Start importing Assets/prefab/word2.prefab using Guid(4dcad80595feda04e9198166c5daf5d0) Importer(815301076,1909f56bfc062723c751e8b465ee728b)  -> (artifact id: '9e19746a075a56566dbe486b862f80c2') in 0.009048 seconds
  Import took 0.012303 seconds .

========================================================================
Received Import Request.
  Time since last request: 0.387449 seconds.
  path: Assets/prefab/word2.prefab
  artifactKey: Guid(4dcad80595feda04e9198166c5daf5d0) Importer(815301076,1909f56bfc062723c751e8b465ee728b)
Start importing Assets/prefab/word2.prefab using Guid(4dcad80595feda04e9198166c5daf5d0) Importer(815301076,1909f56bfc062723c751e8b465ee728b)  -> (artifact id: 'e17ec21abeb02465429d0807c8502f04') in 0.008957 seconds
  Import took 0.012055 seconds .

========================================================================
Received Prepare
Registering precompiled user dll's ...
Registered in 0.001599 seconds.
Begin MonoManager ReloadAssembly
Native extension for WindowsStandalone target not found
Refreshing native plugins compatible for Editor in 0.31 ms, found 1 plugins.
Preloading 0 native plugins for Editor in 0.00 ms.
Mono: successfully reloaded assembly
- Completed reload, in  0.942 seconds
Platform modules already initialized, skipping
Refreshing native plugins compatible for Editor in 0.32 ms, found 1 plugins.
Preloading 0 native plugins for Editor in 0.00 ms.
Unloading 1803 Unused Serialized files (Serialized files now loaded: 0)
System memory in use before: 90.3 MB.
System memory in use after: 90.4 MB.

Unloading 7 unused Assets to reduce memory usage. Loaded Objects now: 2328.
Total: 2.800900 ms (FindLiveObjects: 0.174100 ms CreateObjectMapping: 0.045300 ms MarkObjects: 2.566600 ms  DeleteObjects: 0.014100 ms)

========================================================================
Received Import Request.
  Time since last request: 13.435870 seconds.
  path: Assets/prefab/word2.prefab
  artifactKey: Guid(4dcad80595feda04e9198166c5daf5d0) Importer(815301076,1909f56bfc062723c751e8b465ee728b)
Start importing Assets/prefab/word2.prefab using Guid(4dcad80595feda04e9198166c5daf5d0) Importer(815301076,1909f56bfc062723c751e8b465ee728b)  -> (artifact id: '6071a3d017ec7d4f8e498e216a41fb19') in 0.053710 seconds
  Import took 0.056822 seconds .

========================================================================
Received Import Request.
  Time since last request: 86.432469 seconds.
  path: Assets/prefab/word2.prefab
  artifactKey: Guid(4dcad80595feda04e9198166c5daf5d0) Importer(815301076,1909f56bfc062723c751e8b465ee728b)
Start importing Assets/prefab/word2.prefab using Guid(4dcad80595feda04e9198166c5daf5d0) Importer(815301076,1909f56bfc062723c751e8b465ee728b)  -> (artifact id: '89d0946e4278733da3c304d4d8cd8dfd') in 0.010770 seconds
  Import took 0.013861 seconds .

========================================================================
Received Import Request.
  Time since last request: 0.387129 seconds.
  path: Assets/prefab/word2.prefab
  artifactKey: Guid(4dcad80595feda04e9198166c5daf5d0) Importer(815301076,1909f56bfc062723c751e8b465ee728b)
Start importing Assets/prefab/word2.prefab using Guid(4dcad80595feda04e9198166c5daf5d0) Importer(815301076,1909f56bfc062723c751e8b465ee728b)  -> (artifact id: '75dbfd63fed60dbc31dcf743707f32b0') in 0.009025 seconds
  Import took 0.012170 seconds .

========================================================================
Received Prepare
Registering precompiled user dll's ...
Registered in 0.001161 seconds.
Begin MonoManager ReloadAssembly
Native extension for WindowsStandalone target not found
Refreshing native plugins compatible for Editor in 0.35 ms, found 1 plugins.
Preloading 0 native plugins for Editor in 0.00 ms.
Mono: successfully reloaded assembly
- Completed reload, in  0.900 seconds
Platform modules already initialized, skipping
Refreshing native plugins compatible for Editor in 0.39 ms, found 1 plugins.
Preloading 0 native plugins for Editor in 0.00 ms.
Unloading 1803 Unused Serialized files (Serialized files now loaded: 0)
System memory in use before: 90.3 MB.
System memory in use after: 90.4 MB.

Unloading 7 unused Assets to reduce memory usage. Loaded Objects now: 2333.
Total: 2.026800 ms (FindLiveObjects: 0.184200 ms CreateObjectMapping: 0.063800 ms MarkObjects: 1.761900 ms  DeleteObjects: 0.016100 ms)

========================================================================
Received Prepare
Registering precompiled user dll's ...
Registered in 0.001331 seconds.
Begin MonoManager ReloadAssembly
Native extension for WindowsStandalone target not found
Refreshing native plugins compatible for Editor in 0.51 ms, found 1 plugins.
Preloading 0 native plugins for Editor in 0.00 ms.
Mono: successfully reloaded assembly
- Completed reload, in  0.954 seconds
Platform modules already initialized, skipping
Refreshing native plugins compatible for Editor in 0.33 ms, found 1 plugins.
Preloading 0 native plugins for Editor in 0.00 ms.
Unloading 1803 Unused Serialized files (Serialized files now loaded: 0)
System memory in use before: 90.3 MB.
System memory in use after: 90.4 MB.

Unloading 7 unused Assets to reduce memory usage. Loaded Objects now: 2337.
Total: 1.974400 ms (FindLiveObjects: 0.270600 ms CreateObjectMapping: 0.094400 ms MarkObjects: 1.591500 ms  DeleteObjects: 0.016500 ms)

========================================================================
Received Prepare
Registering precompiled user dll's ...
Registered in 0.002482 seconds.
Begin MonoManager ReloadAssembly
Native extension for WindowsStandalone target not found
Refreshing native plugins compatible for Editor in 0.32 ms, found 1 plugins.
Preloading 0 native plugins for Editor in 0.00 ms.
Mono: successfully reloaded assembly
- Completed reload, in  0.968 seconds
Platform modules already initialized, skipping
Refreshing native plugins compatible for Editor in 0.32 ms, found 1 plugins.
Preloading 0 native plugins for Editor in 0.00 ms.
Unloading 1803 Unused Serialized files (Serialized files now loaded: 0)
System memory in use before: 90.3 MB.
System memory in use after: 90.4 MB.

Unloading 7 unused Assets to reduce memory usage. Loaded Objects now: 2341.
Total: 2.135400 ms (FindLiveObjects: 0.170300 ms CreateObjectMapping: 0.058100 ms MarkObjects: 1.888900 ms  DeleteObjects: 0.016900 ms)

========================================================================
Received Import Request.
  Time since last request: 374.469729 seconds.
  path: Assets/prefab/word2.prefab
  artifactKey: Guid(4dcad80595feda04e9198166c5daf5d0) Importer(815301076,1909f56bfc062723c751e8b465ee728b)
Start importing Assets/prefab/word2.prefab using Guid(4dcad80595feda04e9198166c5daf5d0) Importer(815301076,1909f56bfc062723c751e8b465ee728b)  -> (artifact id: '8e27e20f8ea74f0b80fcfa20d1ec4eb4') in 0.062623 seconds
  Import took 0.066172 seconds .

========================================================================
Received Prepare
Registering precompiled user dll's ...
Registered in 0.002589 seconds.
Begin MonoManager ReloadAssembly
Native extension for WindowsStandalone target not found
Refreshing native plugins compatible for Editor in 0.31 ms, found 1 plugins.
Preloading 0 native plugins for Editor in 0.00 ms.
Mono: successfully reloaded assembly
- Completed reload, in  0.970 seconds
Platform modules already initialized, skipping
Refreshing native plugins compatible for Editor in 0.31 ms, found 1 plugins.
Preloading 0 native plugins for Editor in 0.00 ms.
Unloading 1803 Unused Serialized files (Serialized files now loaded: 0)
System memory in use before: 90.3 MB.
System memory in use after: 90.4 MB.

Unloading 7 unused Assets to reduce memory usage. Loaded Objects now: 2346.
Total: 2.587500 ms (FindLiveObjects: 0.219000 ms CreateObjectMapping: 0.051800 ms MarkObjects: 2.301300 ms  DeleteObjects: 0.014300 ms)

========================================================================
Received Import Request.
  Time since last request: 14.660460 seconds.
  path: Assets/prefab/word2.prefab
  artifactKey: Guid(4dcad80595feda04e9198166c5daf5d0) Importer(815301076,1909f56bfc062723c751e8b465ee728b)
Start importing Assets/prefab/word2.prefab using Guid(4dcad80595feda04e9198166c5daf5d0) Importer(815301076,1909f56bfc062723c751e8b465ee728b)  -> (artifact id: '2fca8c9610c02dff474231e9acc007ac') in 0.080187 seconds
  Import took 0.082911 seconds .

========================================================================
Received Prepare
Registering precompiled user dll's ...
Registered in 0.001281 seconds.
Begin MonoManager ReloadAssembly
Native extension for WindowsStandalone target not found
Refreshing native plugins compatible for Editor in 0.33 ms, found 1 plugins.
Preloading 0 native plugins for Editor in 0.00 ms.
Mono: successfully reloaded assembly
- Completed reload, in  0.904 seconds
Platform modules already initialized, skipping
Refreshing native plugins compatible for Editor in 0.43 ms, found 1 plugins.
Preloading 0 native plugins for Editor in 0.00 ms.
Unloading 1803 Unused Serialized files (Serialized files now loaded: 0)
System memory in use before: 90.3 MB.
System memory in use after: 90.5 MB.

Unloading 7 unused Assets to reduce memory usage. Loaded Objects now: 2351.
Total: 2.477200 ms (FindLiveObjects: 0.267400 ms CreateObjectMapping: 0.063500 ms MarkObjects: 2.129800 ms  DeleteObjects: 0.015200 ms)

========================================================================
Received Import Request.
  Time since last request: 149.849946 seconds.
  path: Assets/prefab/word2.prefab
  artifactKey: Guid(4dcad80595feda04e9198166c5daf5d0) Importer(815301076,1909f56bfc062723c751e8b465ee728b)
Start importing Assets/prefab/word2.prefab using Guid(4dcad80595feda04e9198166c5daf5d0) Importer(815301076,1909f56bfc062723c751e8b465ee728b)  -> (artifact id: 'b95ddd3c779c9461246c67545e823fe9') in 0.056764 seconds
  Import took 0.060022 seconds .

========================================================================
Received Import Request.
  Time since last request: 0.312224 seconds.
  path: Assets/prefab/word2.prefab
  artifactKey: Guid(4dcad80595feda04e9198166c5daf5d0) Importer(815301076,1909f56bfc062723c751e8b465ee728b)
Start importing Assets/prefab/word2.prefab using Guid(4dcad80595feda04e9198166c5daf5d0) Importer(815301076,1909f56bfc062723c751e8b465ee728b)  -> (artifact id: '7ad7c4ecf4fd7740af39c618046604ca') in 0.008590 seconds
  Import took 0.011558 seconds .

========================================================================
Received Import Request.
  Time since last request: 0.420935 seconds.
  path: Assets/prefab/word2.prefab
  artifactKey: Guid(4dcad80595feda04e9198166c5daf5d0) Importer(815301076,1909f56bfc062723c751e8b465ee728b)
Start importing Assets/prefab/word2.prefab using Guid(4dcad80595feda04e9198166c5daf5d0) Importer(815301076,1909f56bfc062723c751e8b465ee728b)  -> (artifact id: 'a1e50d932b881e27be6ee9d7ff5f1711') in 0.008642 seconds
  Import took 0.011784 seconds .

========================================================================
Received Prepare
Registering precompiled user dll's ...
Registered in 0.001323 seconds.
Begin MonoManager ReloadAssembly
Native extension for WindowsStandalone target not found
Refreshing native plugins compatible for Editor in 0.31 ms, found 1 plugins.
Preloading 0 native plugins for Editor in 0.00 ms.
Mono: successfully reloaded assembly
- Completed reload, in  0.943 seconds
Platform modules already initialized, skipping
Refreshing native plugins compatible for Editor in 0.32 ms, found 1 plugins.
Preloading 0 native plugins for Editor in 0.00 ms.
Unloading 1803 Unused Serialized files (Serialized files now loaded: 0)
System memory in use before: 90.4 MB.
System memory in use after: 90.5 MB.

Unloading 7 unused Assets to reduce memory usage. Loaded Objects now: 2356.
Total: 2.318600 ms (FindLiveObjects: 0.195600 ms CreateObjectMapping: 0.076700 ms MarkObjects: 2.029800 ms  DeleteObjects: 0.015100 ms)

========================================================================
Received Prepare
Registering precompiled user dll's ...
Registered in 0.001272 seconds.
Begin MonoManager ReloadAssembly
Native extension for WindowsStandalone target not found
Refreshing native plugins compatible for Editor in 0.31 ms, found 1 plugins.
Preloading 0 native plugins for Editor in 0.00 ms.
Mono: successfully reloaded assembly
- Completed reload, in  0.920 seconds
Platform modules already initialized, skipping
Refreshing native plugins compatible for Editor in 0.35 ms, found 1 plugins.
Preloading 0 native plugins for Editor in 0.00 ms.
Unloading 1803 Unused Serialized files (Serialized files now loaded: 0)
System memory in use before: 90.4 MB.
System memory in use after: 90.5 MB.

Unloading 7 unused Assets to reduce memory usage. Loaded Objects now: 2360.
Total: 2.014500 ms (FindLiveObjects: 0.169800 ms CreateObjectMapping: 0.057400 ms MarkObjects: 1.771300 ms  DeleteObjects: 0.014700 ms)

========================================================================
Received Import Request.
  Time since last request: 42.764830 seconds.
  path: Assets/prefab/word2.prefab
  artifactKey: Guid(4dcad80595feda04e9198166c5daf5d0) Importer(815301076,1909f56bfc062723c751e8b465ee728b)
Start importing Assets/prefab/word2.prefab using Guid(4dcad80595feda04e9198166c5daf5d0) Importer(815301076,1909f56bfc062723c751e8b465ee728b)  -> (artifact id: '41c778ad11475e46dfd13b936c31d8ac') in 0.062958 seconds
  Import took 0.065898 seconds .

========================================================================
Received Import Request.
  Time since last request: 154.246137 seconds.
  path: Assets/prefab/word2.prefab
  artifactKey: Guid(4dcad80595feda04e9198166c5daf5d0) Importer(815301076,1909f56bfc062723c751e8b465ee728b)
Start importing Assets/prefab/word2.prefab using Guid(4dcad80595feda04e9198166c5daf5d0) Importer(815301076,1909f56bfc062723c751e8b465ee728b)  -> (artifact id: 'cb91190042bf8859afc4ecbf556395c4') in 0.009161 seconds
  Import took 0.012739 seconds .

========================================================================
Received Import Request.
  Time since last request: 61.995626 seconds.
  path: Assets/prefab/word2.prefab
  artifactKey: Guid(4dcad80595feda04e9198166c5daf5d0) Importer(815301076,1909f56bfc062723c751e8b465ee728b)
Start importing Assets/prefab/word2.prefab using Guid(4dcad80595feda04e9198166c5daf5d0) Importer(815301076,1909f56bfc062723c751e8b465ee728b)  -> (artifact id: 'df9302d13fd48f2ec9c548eb301463a8') in 0.008793 seconds
  Import took 0.012002 seconds .

========================================================================
Received Prepare
Registering precompiled user dll's ...
Registered in 0.001180 seconds.
Begin MonoManager ReloadAssembly
Native extension for WindowsStandalone target not found
Refreshing native plugins compatible for Editor in 0.39 ms, found 1 plugins.
Preloading 0 native plugins for Editor in 0.00 ms.
Mono: successfully reloaded assembly
- Completed reload, in  0.937 seconds
Platform modules already initialized, skipping
Refreshing native plugins compatible for Editor in 0.36 ms, found 1 plugins.
Preloading 0 native plugins for Editor in 0.00 ms.
Unloading 1803 Unused Serialized files (Serialized files now loaded: 0)
System memory in use before: 90.4 MB.
System memory in use after: 90.5 MB.

Unloading 7 unused Assets to reduce memory usage. Loaded Objects now: 2365.
Total: 2.153500 ms (FindLiveObjects: 0.171500 ms CreateObjectMapping: 0.057800 ms MarkObjects: 1.893800 ms  DeleteObjects: 0.028900 ms)

========================================================================
Received Prepare
Registering precompiled user dll's ...
Registered in 0.001172 seconds.
Begin MonoManager ReloadAssembly
Native extension for WindowsStandalone target not found
Refreshing native plugins compatible for Editor in 0.33 ms, found 1 plugins.
Preloading 0 native plugins for Editor in 0.00 ms.
Mono: successfully reloaded assembly
- Completed reload, in  0.886 seconds
Platform modules already initialized, skipping
Refreshing native plugins compatible for Editor in 0.38 ms, found 1 plugins.
Preloading 0 native plugins for Editor in 0.00 ms.
Unloading 1803 Unused Serialized files (Serialized files now loaded: 0)
System memory in use before: 90.4 MB.
System memory in use after: 90.5 MB.

Unloading 7 unused Assets to reduce memory usage. Loaded Objects now: 2369.
Total: 2.142900 ms (FindLiveObjects: 0.169700 ms CreateObjectMapping: 0.061500 ms MarkObjects: 1.896600 ms  DeleteObjects: 0.014500 ms)

========================================================================
Received Prepare
Registering precompiled user dll's ...
Registered in 0.001924 seconds.
Begin MonoManager ReloadAssembly
Native extension for WindowsStandalone target not found
Refreshing native plugins compatible for Editor in 0.32 ms, found 1 plugins.
Preloading 0 native plugins for Editor in 0.00 ms.
Mono: successfully reloaded assembly
- Completed reload, in  0.922 seconds
Platform modules already initialized, skipping
Refreshing native plugins compatible for Editor in 0.34 ms, found 1 plugins.
Preloading 0 native plugins for Editor in 0.00 ms.
Unloading 1803 Unused Serialized files (Serialized files now loaded: 0)
System memory in use before: 90.4 MB.
System memory in use after: 90.5 MB.

Unloading 7 unused Assets to reduce memory usage. Loaded Objects now: 2373.
Total: 2.143700 ms (FindLiveObjects: 0.188400 ms CreateObjectMapping: 0.058700 ms MarkObjects: 1.877800 ms  DeleteObjects: 0.017200 ms)

========================================================================
Received Prepare
Registering precompiled user dll's ...
Registered in 0.001528 seconds.
Begin MonoManager ReloadAssembly
Native extension for WindowsStandalone target not found
Refreshing native plugins compatible for Editor in 0.35 ms, found 1 plugins.
Preloading 0 native plugins for Editor in 0.00 ms.
Mono: successfully reloaded assembly
- Completed reload, in  0.949 seconds
Platform modules already initialized, skipping
Refreshing native plugins compatible for Editor in 0.32 ms, found 1 plugins.
Preloading 0 native plugins for Editor in 0.00 ms.
Unloading 1803 Unused Serialized files (Serialized files now loaded: 0)
System memory in use before: 90.4 MB.
System memory in use after: 90.5 MB.

Unloading 7 unused Assets to reduce memory usage. Loaded Objects now: 2377.
Total: 4.777600 ms (FindLiveObjects: 0.784900 ms CreateObjectMapping: 0.251400 ms MarkObjects: 3.723400 ms  DeleteObjects: 0.015300 ms)

========================================================================
Received Prepare
Registering precompiled user dll's ...
Registered in 0.001413 seconds.
Begin MonoManager ReloadAssembly
Native extension for WindowsStandalone target not found
Refreshing native plugins compatible for Editor in 0.54 ms, found 1 plugins.
Preloading 0 native plugins for Editor in 0.00 ms.
Mono: successfully reloaded assembly
- Completed reload, in  1.088 seconds
Platform modules already initialized, skipping
Refreshing native plugins compatible for Editor in 0.31 ms, found 1 plugins.
Preloading 0 native plugins for Editor in 0.00 ms.
Unloading 1803 Unused Serialized files (Serialized files now loaded: 0)
System memory in use before: 90.4 MB.
System memory in use after: 90.5 MB.

Unloading 7 unused Assets to reduce memory usage. Loaded Objects now: 2381.
Total: 1.735900 ms (FindLiveObjects: 0.168600 ms CreateObjectMapping: 0.055100 ms MarkObjects: 1.498200 ms  DeleteObjects: 0.013100 ms)

========================================================================
Received Import Request.
  Time since last request: 193.611336 seconds.
  path: Assets/prefab/word2.prefab
  artifactKey: Guid(4dcad80595feda04e9198166c5daf5d0) Importer(815301076,1909f56bfc062723c751e8b465ee728b)
Start importing Assets/prefab/word2.prefab using Guid(4dcad80595feda04e9198166c5daf5d0) Importer(815301076,1909f56bfc062723c751e8b465ee728b)  -> (artifact id: 'e9da55b4427bbe2e4f90a3927bf5808e') in 0.061761 seconds
  Import took 0.065032 seconds .

========================================================================
Received Prepare
Registering precompiled user dll's ...
Registered in 0.001191 seconds.
Begin MonoManager ReloadAssembly
Native extension for WindowsStandalone target not found
Refreshing native plugins compatible for Editor in 0.34 ms, found 1 plugins.
Preloading 0 native plugins for Editor in 0.00 ms.
Mono: successfully reloaded assembly
- Completed reload, in  0.895 seconds
Platform modules already initialized, skipping
Refreshing native plugins compatible for Editor in 0.54 ms, found 1 plugins.
Preloading 0 native plugins for Editor in 0.00 ms.
Unloading 1803 Unused Serialized files (Serialized files now loaded: 0)
System memory in use before: 90.4 MB.
System memory in use after: 90.5 MB.

Unloading 7 unused Assets to reduce memory usage. Loaded Objects now: 2386.
Total: 2.134100 ms (FindLiveObjects: 0.222100 ms CreateObjectMapping: 0.082900 ms MarkObjects: 1.810000 ms  DeleteObjects: 0.018000 ms)

========================================================================
Received Prepare
Registering precompiled user dll's ...
Registered in 0.001196 seconds.
Begin MonoManager ReloadAssembly
Native extension for WindowsStandalone target not found
Refreshing native plugins compatible for Editor in 0.32 ms, found 1 plugins.
Preloading 0 native plugins for Editor in 0.00 ms.
Mono: successfully reloaded assembly
- Completed reload, in  0.920 seconds
Platform modules already initialized, skipping
Refreshing native plugins compatible for Editor in 0.33 ms, found 1 plugins.
Preloading 0 native plugins for Editor in 0.00 ms.
Unloading 1803 Unused Serialized files (Serialized files now loaded: 0)
System memory in use before: 90.4 MB.
System memory in use after: 90.5 MB.

Unloading 7 unused Assets to reduce memory usage. Loaded Objects now: 2390.
Total: 2.122800 ms (FindLiveObjects: 0.195800 ms CreateObjectMapping: 0.073000 ms MarkObjects: 1.835800 ms  DeleteObjects: 0.017200 ms)

========================================================================
Received Prepare
Registering precompiled user dll's ...
Registered in 0.001175 seconds.
Begin MonoManager ReloadAssembly
Native extension for WindowsStandalone target not found
Refreshing native plugins compatible for Editor in 0.32 ms, found 1 plugins.
Preloading 0 native plugins for Editor in 0.00 ms.
Mono: successfully reloaded assembly
- Completed reload, in  0.921 seconds
Platform modules already initialized, skipping
Refreshing native plugins compatible for Editor in 0.38 ms, found 1 plugins.
Preloading 0 native plugins for Editor in 0.00 ms.
Unloading 1803 Unused Serialized files (Serialized files now loaded: 0)
System memory in use before: 90.4 MB.
System memory in use after: 90.6 MB.

Unloading 7 unused Assets to reduce memory usage. Loaded Objects now: 2394.
Total: 2.297700 ms (FindLiveObjects: 0.252100 ms CreateObjectMapping: 0.085400 ms MarkObjects: 1.941200 ms  DeleteObjects: 0.017600 ms)

========================================================================
Received Prepare
Registering precompiled user dll's ...
Registered in 0.001301 seconds.
Begin MonoManager ReloadAssembly
Native extension for WindowsStandalone target not found
Refreshing native plugins compatible for Editor in 0.33 ms, found 1 plugins.
Preloading 0 native plugins for Editor in 0.00 ms.
Mono: successfully reloaded assembly
- Completed reload, in  0.922 seconds
Platform modules already initialized, skipping
Refreshing native plugins compatible for Editor in 0.33 ms, found 1 plugins.
Preloading 0 native plugins for Editor in 0.00 ms.
Unloading 1803 Unused Serialized files (Serialized files now loaded: 0)
System memory in use before: 90.4 MB.
System memory in use after: 90.6 MB.

Unloading 7 unused Assets to reduce memory usage. Loaded Objects now: 2398.
Total: 2.744500 ms (FindLiveObjects: 0.261400 ms CreateObjectMapping: 0.118300 ms MarkObjects: 2.342900 ms  DeleteObjects: 0.020400 ms)

========================================================================
Received Prepare
Registering precompiled user dll's ...
Registered in 0.001201 seconds.
Begin MonoManager ReloadAssembly
Native extension for WindowsStandalone target not found
Refreshing native plugins compatible for Editor in 0.30 ms, found 1 plugins.
Preloading 0 native plugins for Editor in 0.00 ms.
Mono: successfully reloaded assembly
- Completed reload, in  0.941 seconds
Platform modules already initialized, skipping
Refreshing native plugins compatible for Editor in 0.32 ms, found 1 plugins.
Preloading 0 native plugins for Editor in 0.00 ms.
Unloading 1803 Unused Serialized files (Serialized files now loaded: 0)
System memory in use before: 90.5 MB.
System memory in use after: 90.6 MB.

Unloading 7 unused Assets to reduce memory usage. Loaded Objects now: 2402.
Total: 2.298500 ms (FindLiveObjects: 0.303100 ms CreateObjectMapping: 0.112900 ms MarkObjects: 1.863800 ms  DeleteObjects: 0.017000 ms)

========================================================================
Received Prepare
Registering precompiled user dll's ...
Registered in 0.001234 seconds.
Begin MonoManager ReloadAssembly
Native extension for WindowsStandalone target not found
Refreshing native plugins compatible for Editor in 0.36 ms, found 1 plugins.
Preloading 0 native plugins for Editor in 0.00 ms.
Mono: successfully reloaded assembly
- Completed reload, in  0.908 seconds
Platform modules already initialized, skipping
Refreshing native plugins compatible for Editor in 0.37 ms, found 1 plugins.
Preloading 0 native plugins for Editor in 0.00 ms.
Unloading 1803 Unused Serialized files (Serialized files now loaded: 0)
System memory in use before: 90.5 MB.
System memory in use after: 90.6 MB.

Unloading 7 unused Assets to reduce memory usage. Loaded Objects now: 2406.
Total: 2.204800 ms (FindLiveObjects: 0.175800 ms CreateObjectMapping: 0.060400 ms MarkObjects: 1.949200 ms  DeleteObjects: 0.018100 ms)

========================================================================
Received Prepare
Registering precompiled user dll's ...
Registered in 0.001259 seconds.
Begin MonoManager ReloadAssembly
Native extension for WindowsStandalone target not found
Refreshing native plugins compatible for Editor in 0.34 ms, found 1 plugins.
Preloading 0 native plugins for Editor in 0.00 ms.
Mono: successfully reloaded assembly
- Completed reload, in  0.899 seconds
Platform modules already initialized, skipping
Refreshing native plugins compatible for Editor in 0.33 ms, found 1 plugins.
Preloading 0 native plugins for Editor in 0.00 ms.
Unloading 1803 Unused Serialized files (Serialized files now loaded: 0)
System memory in use before: 90.5 MB.
System memory in use after: 90.6 MB.

Unloading 7 unused Assets to reduce memory usage. Loaded Objects now: 2410.
Total: 3.282500 ms (FindLiveObjects: 0.465900 ms CreateObjectMapping: 0.163200 ms MarkObjects: 2.629800 ms  DeleteObjects: 0.021800 ms)

========================================================================
Received Prepare
Registering precompiled user dll's ...
Registered in 0.001209 seconds.
Begin MonoManager ReloadAssembly
Native extension for WindowsStandalone target not found
Refreshing native plugins compatible for Editor in 0.33 ms, found 1 plugins.
Preloading 0 native plugins for Editor in 0.00 ms.
Mono: successfully reloaded assembly
- Completed reload, in  0.903 seconds
Platform modules already initialized, skipping
Refreshing native plugins compatible for Editor in 0.33 ms, found 1 plugins.
Preloading 0 native plugins for Editor in 0.00 ms.
Unloading 1803 Unused Serialized files (Serialized files now loaded: 0)
System memory in use before: 90.5 MB.
System memory in use after: 90.6 MB.

Unloading 7 unused Assets to reduce memory usage. Loaded Objects now: 2414.
Total: 2.025800 ms (FindLiveObjects: 0.309500 ms CreateObjectMapping: 0.100400 ms MarkObjects: 1.597800 ms  DeleteObjects: 0.016700 ms)

========================================================================
Received Prepare
Registering precompiled user dll's ...
Registered in 0.001215 seconds.
Begin MonoManager ReloadAssembly
Native extension for WindowsStandalone target not found
Refreshing native plugins compatible for Editor in 0.31 ms, found 1 plugins.
Preloading 0 native plugins for Editor in 0.00 ms.
Mono: successfully reloaded assembly
- Completed reload, in  0.996 seconds
Platform modules already initialized, skipping
Refreshing native plugins compatible for Editor in 0.43 ms, found 1 plugins.
Preloading 0 native plugins for Editor in 0.00 ms.
Unloading 1803 Unused Serialized files (Serialized files now loaded: 0)
System memory in use before: 90.5 MB.
System memory in use after: 90.6 MB.

Unloading 7 unused Assets to reduce memory usage. Loaded Objects now: 2418.
Total: 2.253000 ms (FindLiveObjects: 0.174600 ms CreateObjectMapping: 0.062500 ms MarkObjects: 1.996500 ms  DeleteObjects: 0.017700 ms)

========================================================================
Received Import Request.
  Time since last request: 427.682713 seconds.
  path: Assets/Script
  artifactKey: Guid(99883e07dc48e4d4ab6ab2ef4893cbe6) Importer(815301076,1909f56bfc062723c751e8b465ee728b)
Start importing Assets/Script using Guid(99883e07dc48e4d4ab6ab2ef4893cbe6) Importer(815301076,1909f56bfc062723c751e8b465ee728b)  -> (artifact id: '92c3576cf5ec5bb0ac7eaf5a89466ff5') in 0.005201 seconds
  Import took 0.008581 seconds .

========================================================================
Received Import Request.
  Time since last request: 0.000903 seconds.
  path: Assets/Script
  artifactKey: Guid(99883e07dc48e4d4ab6ab2ef4893cbe6) Importer(815301076,1909f56bfc062723c751e8b465ee728b)
Start importing Assets/Script using Guid(99883e07dc48e4d4ab6ab2ef4893cbe6) Importer(815301076,1909f56bfc062723c751e8b465ee728b)  -> (artifact id: '92c3576cf5ec5bb0ac7eaf5a89466ff5') in 0.002420 seconds
  Import took 0.005687 seconds .

========================================================================
Received Prepare
Registering precompiled user dll's ...
Registered in 0.001237 seconds.
Begin MonoManager ReloadAssembly
Native extension for WindowsStandalone target not found
Refreshing native plugins compatible for Editor in 0.31 ms, found 1 plugins.
Preloading 0 native plugins for Editor in 0.00 ms.
Mono: successfully reloaded assembly
- Completed reload, in  0.877 seconds
Platform modules already initialized, skipping
Refreshing native plugins compatible for Editor in 0.35 ms, found 1 plugins.
Preloading 0 native plugins for Editor in 0.00 ms.
Unloading 1803 Unused Serialized files (Serialized files now loaded: 0)
System memory in use before: 90.5 MB.
System memory in use after: 90.6 MB.

Unloading 7 unused Assets to reduce memory usage. Loaded Objects now: 2422.
Total: 2.746200 ms (FindLiveObjects: 0.248700 ms CreateObjectMapping: 0.053100 ms MarkObjects: 2.428900 ms  DeleteObjects: 0.014300 ms)

========================================================================
Received Import Request.
  Time since last request: 316.762086 seconds.
  path: Assets/Image
  artifactKey: Guid(8698119e9eef87e4180151baa0bf2f0f) Importer(815301076,1909f56bfc062723c751e8b465ee728b)
Start importing Assets/Image using Guid(8698119e9eef87e4180151baa0bf2f0f) Importer(815301076,1909f56bfc062723c751e8b465ee728b)  -> (artifact id: 'bdabdfb8c17ebaba07736e128b5f0104') in 0.005496 seconds
  Import took 0.009007 seconds .

========================================================================
Received Import Request.
  Time since last request: 0.001098 seconds.
  path: Assets/Image
  artifactKey: Guid(8698119e9eef87e4180151baa0bf2f0f) Importer(815301076,1909f56bfc062723c751e8b465ee728b)
Start importing Assets/Image using Guid(8698119e9eef87e4180151baa0bf2f0f) Importer(815301076,1909f56bfc062723c751e8b465ee728b)  -> (artifact id: 'bdabdfb8c17ebaba07736e128b5f0104') in 0.002344 seconds
  Import took 0.005219 seconds .

========================================================================
Received Import Request.
  Time since last request: 9.411294 seconds.
  path: Assets
  artifactKey: Guid(00000000000000001000000000000000) Importer(815301076,1909f56bfc062723c751e8b465ee728b)
Start importing Assets using Guid(00000000000000001000000000000000) Importer(815301076,1909f56bfc062723c751e8b465ee728b)  -> (artifact id: '2c602d4445bd9e0e517b9a7c882a2249') in 0.002298 seconds
  Import took 0.005279 seconds .

========================================================================
Received Import Request.
  Time since last request: 1.106367 seconds.
  path: Assets/Camera.cs
  artifactKey: Guid(da5448c2c4136404795ead72d6897ef8) Importer(815301076,1909f56bfc062723c751e8b465ee728b)
Start importing Assets/Camera.cs using Guid(da5448c2c4136404795ead72d6897ef8) Importer(815301076,1909f56bfc062723c751e8b465ee728b)  -> (artifact id: 'a7825def6faef1bc751c558fae8f312a') in 0.002427 seconds
  Import took 0.005368 seconds .

========================================================================
Received Import Request.
  Time since last request: 0.000928 seconds.
  path: Assets/Camera.cs
  artifactKey: Guid(da5448c2c4136404795ead72d6897ef8) Importer(815301076,1909f56bfc062723c751e8b465ee728b)
Start importing Assets/Camera.cs using Guid(da5448c2c4136404795ead72d6897ef8) Importer(815301076,1909f56bfc062723c751e8b465ee728b)  -> (artifact id: 'a7825def6faef1bc751c558fae8f312a') in 0.002066 seconds
  Import took 0.004685 seconds .

========================================================================
Received Prepare
Registering precompiled user dll's ...
Registered in 0.001107 seconds.
Begin MonoManager ReloadAssembly
Native extension for WindowsStandalone target not found
Refreshing native plugins compatible for Editor in 0.35 ms, found 1 plugins.
Preloading 0 native plugins for Editor in 0.00 ms.
Mono: successfully reloaded assembly
- Completed reload, in  0.992 seconds
Platform modules already initialized, skipping
Refreshing native plugins compatible for Editor in 0.35 ms, found 1 plugins.
Preloading 0 native plugins for Editor in 0.00 ms.
Unloading 1803 Unused Serialized files (Serialized files now loaded: 0)
System memory in use before: 90.5 MB.
System memory in use after: 90.6 MB.

Unloading 7 unused Assets to reduce memory usage. Loaded Objects now: 2426.
Total: 1.955100 ms (FindLiveObjects: 0.240100 ms CreateObjectMapping: 0.051200 ms MarkObjects: 1.646900 ms  DeleteObjects: 0.015800 ms)

========================================================================
Received Import Request.
  Time since last request: 13.010876 seconds.
  path: Assets/New Animation.anim
  artifactKey: Guid(47e706006d40ba74c859d2ae13d97d3d) Importer(815301076,1909f56bfc062723c751e8b465ee728b)
Start importing Assets/New Animation.anim using Guid(47e706006d40ba74c859d2ae13d97d3d) Importer(815301076,1909f56bfc062723c751e8b465ee728b)  -> (artifact id: '2c44e73d20db13465a326bbbc67f061e') in 0.033270 seconds
  Import took 0.036628 seconds .

========================================================================
Received Import Request.
  Time since last request: 13.335710 seconds.
  path: Assets/player.controller
  artifactKey: Guid(2a51c84f8eedde04db531040889d4ffe) Importer(815301076,1909f56bfc062723c751e8b465ee728b)
Start importing Assets/player.controller using Guid(2a51c84f8eedde04db531040889d4ffe) Importer(815301076,1909f56bfc062723c751e8b465ee728b)  -> (artifact id: 'd2fd2b9cbdcdc611ed9ef7f19e715160') in 0.005684 seconds
  Import took 0.008516 seconds .

========================================================================
Received Import Request.
  Time since last request: 6.102319 seconds.
  path: Assets/player.anim
  artifactKey: Guid(47e706006d40ba74c859d2ae13d97d3d) Importer(815301076,1909f56bfc062723c751e8b465ee728b)
Start importing Assets/player.anim using Guid(47e706006d40ba74c859d2ae13d97d3d) Importer(815301076,1909f56bfc062723c751e8b465ee728b)  -> (artifact id: '01c582ebb51194b40b1418156244c97d') in 0.003058 seconds
  Import took 0.006199 seconds .

========================================================================
Received Import Request.
  Time since last request: 133.420689 seconds.
  path: Assets/Player 1.controller
  artifactKey: Guid(e54dcc7c7d7f22646adb833415d43900) Importer(815301076,1909f56bfc062723c751e8b465ee728b)
Start importing Assets/Player 1.controller using Guid(e54dcc7c7d7f22646adb833415d43900) Importer(815301076,1909f56bfc062723c751e8b465ee728b)  -> (artifact id: '5bc02e226687df195b24a6f83593c97e') in 0.002554 seconds
  Import took 0.040941 seconds .

========================================================================
Received Import Request.
  Time since last request: 18.443456 seconds.
  path: Assets/player.anim
  artifactKey: Guid(47e706006d40ba74c859d2ae13d97d3d) Importer(815301076,1909f56bfc062723c751e8b465ee728b)
Start importing Assets/player.anim using Guid(47e706006d40ba74c859d2ae13d97d3d) Importer(815301076,1909f56bfc062723c751e8b465ee728b)  -> (artifact id: '76b815d3e471a8be843c018e8673e4bd') in 0.002820 seconds
  Import took 0.005674 seconds .

========================================================================
Received Import Request.
  Time since last request: 363.578164 seconds.
  path: Assets/Image/player.anim
  artifactKey: Guid(fe550ff7de13e5d4a9f3ad2f02481059) Importer(815301076,1909f56bfc062723c751e8b465ee728b)
Start importing Assets/Image/player.anim using Guid(fe550ff7de13e5d4a9f3ad2f02481059) Importer(815301076,1909f56bfc062723c751e8b465ee728b)  -> (artifact id: 'f6798300a303fba9e365b2e68ab853ad') in 0.003161 seconds
  Import took 0.038157 seconds .

========================================================================
Received Prepare
Registering precompiled user dll's ...
Registered in 0.001295 seconds.
Begin MonoManager ReloadAssembly
Native extension for WindowsStandalone target not found
Refreshing native plugins compatible for Editor in 0.49 ms, found 1 plugins.
Preloading 0 native plugins for Editor in 0.00 ms.
Mono: successfully reloaded assembly
- Completed reload, in  0.923 seconds
Platform modules already initialized, skipping
Refreshing native plugins compatible for Editor in 0.31 ms, found 1 plugins.
Preloading 0 native plugins for Editor in 0.00 ms.
Unloading 1803 Unused Serialized files (Serialized files now loaded: 0)
System memory in use before: 90.5 MB.
System memory in use after: 90.6 MB.

Unloading 7 unused Assets to reduce memory usage. Loaded Objects now: 2430.
Total: 2.874600 ms (FindLiveObjects: 0.215200 ms CreateObjectMapping: 0.102800 ms MarkObjects: 2.541300 ms  DeleteObjects: 0.014100 ms)

========================================================================
Received Import Request.
  Time since last request: 560.561127 seconds.
  path: Assets/Image/Player.controller
  artifactKey: Guid(4ed09c2b7b30d40499dd0167869a8da7) Importer(815301076,1909f56bfc062723c751e8b465ee728b)
Start importing Assets/Image/Player.controller using Guid(4ed09c2b7b30d40499dd0167869a8da7) Importer(815301076,1909f56bfc062723c751e8b465ee728b)  -> (artifact id: '292e0e2718bf5065a22e75ea690c57d3') in 0.013945 seconds
  Import took 0.048570 seconds .

========================================================================
Received Import Request.
  Time since last request: 368.137221 seconds.
  path: Assets/Player.controller
  artifactKey: Guid(2a51c84f8eedde04db531040889d4ffe) Importer(815301076,1909f56bfc062723c751e8b465ee728b)
Start importing Assets/Player.controller using Guid(2a51c84f8eedde04db531040889d4ffe) Importer(815301076,1909f56bfc062723c751e8b465ee728b)  -> (artifact id: 'ce286d33f6a33b010aad03b4194946f4') in 0.002583 seconds
  Import took 0.032130 seconds .

========================================================================
Received Import Request.
  Time since last request: 49.031349 seconds.
  path: Assets/ani
  artifactKey: Guid(935b03e0b83b96f4e96800de68846f9a) Importer(815301076,1909f56bfc062723c751e8b465ee728b)
Start importing Assets/ani using Guid(935b03e0b83b96f4e96800de68846f9a) Importer(815301076,1909f56bfc062723c751e8b465ee728b)  -> (artifact id: '2975bcb229b7ab338c5c568f696c27bc') in 0.002063 seconds
  Import took 0.005286 seconds .

========================================================================
Received Import Request.
  Time since last request: 88.740500 seconds.
  path: Assets/ani/ppp.anim
  artifactKey: Guid(a434b5b9bf49e014caa28c1f335dd755) Importer(815301076,1909f56bfc062723c751e8b465ee728b)
Start importing Assets/ani/ppp.anim using Guid(a434b5b9bf49e014caa28c1f335dd755) Importer(815301076,1909f56bfc062723c751e8b465ee728b)  -> (artifact id: '9b5a085edec1ab7f16e12da7dffa46a5') in 0.003974 seconds
  Import took 0.007737 seconds .

========================================================================
Received Import Request.
  Time since last request: 207.113552 seconds.
  path: Assets/Image/벽 1.png
  artifactKey: Guid(4679fc08192d21145a45800adb836ad1) Importer(815301076,1909f56bfc062723c751e8b465ee728b)
Start importing Assets/Image/벽 1.png using Guid(4679fc08192d21145a45800adb836ad1) Importer(815301076,1909f56bfc062723c751e8b465ee728b)  -> (artifact id: '2c777dbf0cbe144143b2ccc227fd70af') in 0.177589 seconds
  Import took 0.180483 seconds .

========================================================================
Received Import Request.
  Time since last request: 11.157127 seconds.
  path: Assets/Image/타일.png
  artifactKey: Guid(56b790c9261e51f4da1e483cc29aa423) Importer(815301076,1909f56bfc062723c751e8b465ee728b)
Start importing Assets/Image/타일.png using Guid(56b790c9261e51f4da1e483cc29aa423) Importer(815301076,1909f56bfc062723c751e8b465ee728b)  -> (artifact id: '2a9700711380b49b769063ec5524fd5d') in 0.011052 seconds
  Import took 0.014577 seconds .

========================================================================
Received Import Request.
  Time since last request: 0.002244 seconds.
  path: Assets/Image/타일.png
  artifactKey: Guid(56b790c9261e51f4da1e483cc29aa423) Importer(815301076,1909f56bfc062723c751e8b465ee728b)
Start importing Assets/Image/타일.png using Guid(56b790c9261e51f4da1e483cc29aa423) Importer(815301076,1909f56bfc062723c751e8b465ee728b)  -> (artifact id: '2a9700711380b49b769063ec5524fd5d') in 0.011218 seconds
  Import took 0.016250 seconds .

========================================================================
Received Import Request.
  Time since last request: 14.596707 seconds.
  path: Assets/Image/벽 1.png
  artifactKey: Guid(4679fc08192d21145a45800adb836ad1) Importer(815301076,1909f56bfc062723c751e8b465ee728b)
Start importing Assets/Image/벽 1.png using Guid(4679fc08192d21145a45800adb836ad1) Importer(815301076,1909f56bfc062723c751e8b465ee728b)  -> (artifact id: '800dcd76d5242e1fd704c29a67b2c0c4') in 0.006833 seconds
  Import took 0.034527 seconds .

========================================================================
Received Import Request.
  Time since last request: 69.473492 seconds.
  path: Assets/Image/벽 1.png
  artifactKey: Guid(4679fc08192d21145a45800adb836ad1) Importer(815301076,1909f56bfc062723c751e8b465ee728b)
Start importing Assets/Image/벽 1.png using Guid(4679fc08192d21145a45800adb836ad1) Importer(815301076,1909f56bfc062723c751e8b465ee728b)  -> (artifact id: '03f3f3b1137c890efc34c01aaadfd56a') in 0.032463 seconds
  Import took 0.037832 seconds .

========================================================================
Received Import Request.
  Time since last request: 20.242840 seconds.
  path: Assets/Image/타일.png
  artifactKey: Guid(56b790c9261e51f4da1e483cc29aa423) Importer(815301076,1909f56bfc062723c751e8b465ee728b)
Start importing Assets/Image/타일.png using Guid(56b790c9261e51f4da1e483cc29aa423) Importer(815301076,1909f56bfc062723c751e8b465ee728b)  -> (artifact id: '0decbd60919b1a59e09cae74e36810bf') in 0.006735 seconds
  Import took 0.011815 seconds .

========================================================================
Received Import Request.
  Time since last request: 11.470266 seconds.
  path: Assets/Image/타일.png
  artifactKey: Guid(56b790c9261e51f4da1e483cc29aa423) Importer(815301076,1909f56bfc062723c751e8b465ee728b)
Start importing Assets/Image/타일.png using Guid(56b790c9261e51f4da1e483cc29aa423) Importer(815301076,1909f56bfc062723c751e8b465ee728b)  -> (artifact id: '2f754c9056e5ea9113399248b5d8c10d') in 0.035677 seconds
  Import took 0.039773 seconds .

========================================================================
Received Import Request.
  Time since last request: 36.632841 seconds.
  path: Assets/prefab/Block11.prefab
  artifactKey: Guid(62b8cf4f0167e124d9136891f1f8bd89) Importer(815301076,1909f56bfc062723c751e8b465ee728b)
Start importing Assets/prefab/Block11.prefab using Guid(62b8cf4f0167e124d9136891f1f8bd89) Importer(815301076,1909f56bfc062723c751e8b465ee728b)  -> (artifact id: 'a485446f60f4cf91e340d478522e8cd4') in 0.029788 seconds
  Import took 0.033173 seconds .

========================================================================
Received Import Request.
  Time since last request: 7.953861 seconds.
  path: Assets/prefab/Block12.prefab
  artifactKey: Guid(3f0d7cb09cd5c2248b9b43e3c9a87d35) Importer(815301076,1909f56bfc062723c751e8b465ee728b)
Start importing Assets/prefab/Block12.prefab using Guid(3f0d7cb09cd5c2248b9b43e3c9a87d35) Importer(815301076,1909f56bfc062723c751e8b465ee728b)  -> (artifact id: 'ba498f88d0fbbdc0ffff00533d2fc0d1') in 0.009862 seconds
  Import took 0.013197 seconds .

========================================================================
Received Import Request.
  Time since last request: 7.484502 seconds.
  path: Assets/prefab/Block13.prefab
  artifactKey: Guid(3c0a6eff10570c042a38d81def636f2b) Importer(815301076,1909f56bfc062723c751e8b465ee728b)
Start importing Assets/prefab/Block13.prefab using Guid(3c0a6eff10570c042a38d81def636f2b) Importer(815301076,1909f56bfc062723c751e8b465ee728b)  -> (artifact id: 'f45f3e4203af9971e9d0039fac50fa3d') in 0.009298 seconds
  Import took 0.013030 seconds .

========================================================================
Received Import Request.
  Time since last request: 11.028380 seconds.
  path: Assets/prefab/Block14.prefab
  artifactKey: Guid(3ff88939442d797498b9394e4cbfb1fb) Importer(815301076,1909f56bfc062723c751e8b465ee728b)
Start importing Assets/prefab/Block14.prefab using Guid(3ff88939442d797498b9394e4cbfb1fb) Importer(815301076,1909f56bfc062723c751e8b465ee728b)  -> (artifact id: '1c223338240f2afeb381621f1daca3a1') in 0.010449 seconds
  Import took 0.013856 seconds .

========================================================================
Received Import Request.
  Time since last request: 6.242195 seconds.
  path: Assets/prefab/Block21.prefab
  artifactKey: Guid(230c0e703f454d0469892130605b9722) Importer(815301076,1909f56bfc062723c751e8b465ee728b)
Start importing Assets/prefab/Block21.prefab using Guid(230c0e703f454d0469892130605b9722) Importer(815301076,1909f56bfc062723c751e8b465ee728b)  -> (artifact id: 'b957143867e645e080f7639703a9f03f') in 0.011028 seconds
  Import took 0.014942 seconds .

========================================================================
Received Import Request.
  Time since last request: 7.177596 seconds.
  path: Assets/prefab/Block22.prefab
  artifactKey: Guid(999befeb180e8c94eac878fe79c7c7e2) Importer(815301076,1909f56bfc062723c751e8b465ee728b)
Start importing Assets/prefab/Block22.prefab using Guid(999befeb180e8c94eac878fe79c7c7e2) Importer(815301076,1909f56bfc062723c751e8b465ee728b)  -> (artifact id: '39dd7f094a60ccbecde2d3cc2325f407') in 0.010768 seconds
  Import took 0.014285 seconds .

========================================================================
Received Import Request.
  Time since last request: 6.561429 seconds.
  path: Assets/prefab/Block23.prefab
  artifactKey: Guid(750ac8aba561896488616f4f8b0c3458) Importer(815301076,1909f56bfc062723c751e8b465ee728b)
Start importing Assets/prefab/Block23.prefab using Guid(750ac8aba561896488616f4f8b0c3458) Importer(815301076,1909f56bfc062723c751e8b465ee728b)  -> (artifact id: '8bb7fbf3aecde95fa16d3a0a01239393') in 0.009474 seconds
  Import took 0.012646 seconds .

========================================================================
Received Import Request.
  Time since last request: 4.682482 seconds.
  path: Assets/prefab/Block24.prefab
  artifactKey: Guid(bb7ac917938c1d14b9cf19ff99586c92) Importer(815301076,1909f56bfc062723c751e8b465ee728b)
Start importing Assets/prefab/Block24.prefab using Guid(bb7ac917938c1d14b9cf19ff99586c92) Importer(815301076,1909f56bfc062723c751e8b465ee728b)  -> (artifact id: '1f843d07c2b5c1f370a4cb7c8726fe23') in 0.009390 seconds
  Import took 0.013187 seconds .

========================================================================
Received Import Request.
  Time since last request: 24.547459 seconds.
  path: Assets/prefab/word2.prefab
  artifactKey: Guid(4dcad80595feda04e9198166c5daf5d0) Importer(815301076,1909f56bfc062723c751e8b465ee728b)
Start importing Assets/prefab/word2.prefab using Guid(4dcad80595feda04e9198166c5daf5d0) Importer(815301076,1909f56bfc062723c751e8b465ee728b)  -> (artifact id: '5bbcda0dec765cb084272c3861633a6e') in 0.011014 seconds
  Import took 0.014107 seconds .

========================================================================
Received Import Request.
  Time since last request: 9.497055 seconds.
  path: Assets/prefab/word1.prefab
  artifactKey: Guid(d1b0e5a688245e04a9a0881e43b96dec) Importer(815301076,1909f56bfc062723c751e8b465ee728b)
Start importing Assets/prefab/word1.prefab using Guid(d1b0e5a688245e04a9a0881e43b96dec) Importer(815301076,1909f56bfc062723c751e8b465ee728b)  -> (artifact id: '9aee03ede79266f9f413dc6892b092c9') in 0.013048 seconds
  Import took 0.016743 seconds .

========================================================================
Received Prepare
Registering precompiled user dll's ...
Registered in 0.001931 seconds.
Begin MonoManager ReloadAssembly
Native extension for WindowsStandalone target not found
Refreshing native plugins compatible for Editor in 0.33 ms, found 1 plugins.
Preloading 0 native plugins for Editor in 0.00 ms.
Mono: successfully reloaded assembly
- Completed reload, in  1.374 seconds
Platform modules already initialized, skipping
Refreshing native plugins compatible for Editor in 0.32 ms, found 1 plugins.
Preloading 0 native plugins for Editor in 0.00 ms.
Unloading 1803 Unused Serialized files (Serialized files now loaded: 0)
System memory in use before: 90.6 MB.
System memory in use after: 90.7 MB.

Unloading 7 unused Assets to reduce memory usage. Loaded Objects now: 2439.
Total: 1.919500 ms (FindLiveObjects: 0.232100 ms CreateObjectMapping: 0.090300 ms MarkObjects: 1.582300 ms  DeleteObjects: 0.013500 ms)

========================================================================
Received Import Request.
  Time since last request: 323.176296 seconds.
  path: Assets/prefab/word2.prefab
  artifactKey: Guid(4dcad80595feda04e9198166c5daf5d0) Importer(815301076,1909f56bfc062723c751e8b465ee728b)
Start importing Assets/prefab/word2.prefab using Guid(4dcad80595feda04e9198166c5daf5d0) Importer(815301076,1909f56bfc062723c751e8b465ee728b)  -> (artifact id: 'a713db1c189b2b5996e1a1dc51cc3961') in 0.084982 seconds
  Import took 0.088127 seconds .

========================================================================
Received Import Request.
  Time since last request: 3.445312 seconds.
  path: Assets/prefab/word2.prefab
  artifactKey: Guid(4dcad80595feda04e9198166c5daf5d0) Importer(815301076,1909f56bfc062723c751e8b465ee728b)
Start importing Assets/prefab/word2.prefab using Guid(4dcad80595feda04e9198166c5daf5d0) Importer(815301076,1909f56bfc062723c751e8b465ee728b)  -> (artifact id: 'aed2558b5653e069a615c4c69f035d95') in 0.011163 seconds
  Import took 0.015927 seconds .

========================================================================
Received Import Request.
  Time since last request: 2.416954 seconds.
  path: Assets/prefab/word2.prefab
  artifactKey: Guid(4dcad80595feda04e9198166c5daf5d0) Importer(815301076,1909f56bfc062723c751e8b465ee728b)
Start importing Assets/prefab/word2.prefab using Guid(4dcad80595feda04e9198166c5daf5d0) Importer(815301076,1909f56bfc062723c751e8b465ee728b)  -> (artifact id: 'df2acd449b5f433689b57b436caa8656') in 0.011671 seconds
  Import took 0.015773 seconds .

========================================================================
Received Import Request.
  Time since last request: 1.795417 seconds.
  path: Assets/prefab/word2.prefab
  artifactKey: Guid(4dcad80595feda04e9198166c5daf5d0) Importer(815301076,1909f56bfc062723c751e8b465ee728b)
Start importing Assets/prefab/word2.prefab using Guid(4dcad80595feda04e9198166c5daf5d0) Importer(815301076,1909f56bfc062723c751e8b465ee728b)  -> (artifact id: '85168eff53f17d1bbd82ca57e86ef190') in 0.009573 seconds
  Import took 0.013255 seconds .

========================================================================
Received Import Request.
  Time since last request: 3.324677 seconds.
  path: Assets/prefab/벽 1_1.prefab
  artifactKey: Guid(576aafc99293a4f479154f57c35bf78a) Importer(815301076,1909f56bfc062723c751e8b465ee728b)
Start importing Assets/prefab/벽 1_1.prefab using Guid(576aafc99293a4f479154f57c35bf78a) Importer(815301076,1909f56bfc062723c751e8b465ee728b)  -> (artifact id: 'ab291b889333bb157798d16ca0140380') in 0.010695 seconds
  Import took 0.013960 seconds .

========================================================================
Received Import Request.
  Time since last request: 0.004412 seconds.
  path: Assets/prefab/벽 1_1.prefab
  artifactKey: Guid(576aafc99293a4f479154f57c35bf78a) Importer(815301076,1909f56bfc062723c751e8b465ee728b)
Start importing Assets/prefab/벽 1_1.prefab using Guid(576aafc99293a4f479154f57c35bf78a) Importer(815301076,1909f56bfc062723c751e8b465ee728b)  -> (artifact id: 'ab291b889333bb157798d16ca0140380') in 0.010046 seconds
  Import took 0.012959 seconds .

========================================================================
Received Import Request.
  Time since last request: 0.108899 seconds.
  path: Assets/prefab/word2.prefab
  artifactKey: Guid(4dcad80595feda04e9198166c5daf5d0) Importer(815301076,1909f56bfc062723c751e8b465ee728b)
Start importing Assets/prefab/word2.prefab using Guid(4dcad80595feda04e9198166c5daf5d0) Importer(815301076,1909f56bfc062723c751e8b465ee728b)  -> (artifact id: 'bb73143676f925bc901a5277a6c9520f') in 0.009543 seconds
  Import took 0.012926 seconds .

========================================================================
Received Import Request.
  Time since last request: 150.565211 seconds.
  path: Assets/prefab/벽 1_2.prefab
  artifactKey: Guid(195a9746e3e489a4d9b48d67ff8c9868) Importer(815301076,1909f56bfc062723c751e8b465ee728b)
Start importing Assets/prefab/벽 1_2.prefab using Guid(195a9746e3e489a4d9b48d67ff8c9868) Importer(815301076,1909f56bfc062723c751e8b465ee728b)  -> (artifact id: 'd93cad82a61261eea7955d4913a93ab0') in 0.009370 seconds
  Import took 0.012600 seconds .

========================================================================
Received Import Request.
  Time since last request: 0.005478 seconds.
  path: Assets/prefab/벽 1_2.prefab
  artifactKey: Guid(195a9746e3e489a4d9b48d67ff8c9868) Importer(815301076,1909f56bfc062723c751e8b465ee728b)
Start importing Assets/prefab/벽 1_2.prefab using Guid(195a9746e3e489a4d9b48d67ff8c9868) Importer(815301076,1909f56bfc062723c751e8b465ee728b)  -> (artifact id: 'd93cad82a61261eea7955d4913a93ab0') in 0.009458 seconds
  Import took 0.012742 seconds .

========================================================================
Received Import Request.
  Time since last request: 2.282220 seconds.
  path: Assets/prefab/벽 1_3.prefab
  artifactKey: Guid(d32a0283c131c7745b1d3d925298fcb9) Importer(815301076,1909f56bfc062723c751e8b465ee728b)
Start importing Assets/prefab/벽 1_3.prefab using Guid(d32a0283c131c7745b1d3d925298fcb9) Importer(815301076,1909f56bfc062723c751e8b465ee728b)  -> (artifact id: '660fd17356307eaa101c8c7e6ee00185') in 0.010422 seconds
  Import took 0.013407 seconds .

========================================================================
Received Import Request.
  Time since last request: 0.003392 seconds.
  path: Assets/prefab/벽 1_3.prefab
  artifactKey: Guid(d32a0283c131c7745b1d3d925298fcb9) Importer(815301076,1909f56bfc062723c751e8b465ee728b)
Start importing Assets/prefab/벽 1_3.prefab using Guid(d32a0283c131c7745b1d3d925298fcb9) Importer(815301076,1909f56bfc062723c751e8b465ee728b)  -> (artifact id: '660fd17356307eaa101c8c7e6ee00185') in 0.009528 seconds
  Import took 0.012736 seconds .

========================================================================
Received Import Request.
  Time since last request: 1.296656 seconds.
  path: Assets/prefab/벽 1_5.prefab
  artifactKey: Guid(c9263b407ee39aa438bf1d2674474e7b) Importer(815301076,1909f56bfc062723c751e8b465ee728b)
Start importing Assets/prefab/벽 1_5.prefab using Guid(c9263b407ee39aa438bf1d2674474e7b) Importer(815301076,1909f56bfc062723c751e8b465ee728b)  -> (artifact id: 'b581f9b180bf562872218df28a943740') in 0.008818 seconds
  Import took 0.012886 seconds .

========================================================================
Received Import Request.
  Time since last request: 0.000629 seconds.
  path: Assets/prefab/벽 1_5.prefab
  artifactKey: Guid(c9263b407ee39aa438bf1d2674474e7b) Importer(815301076,1909f56bfc062723c751e8b465ee728b)
Start importing Assets/prefab/벽 1_5.prefab using Guid(c9263b407ee39aa438bf1d2674474e7b) Importer(815301076,1909f56bfc062723c751e8b465ee728b)  -> (artifact id: 'b581f9b180bf562872218df28a943740') in 0.009640 seconds
  Import took 0.013111 seconds .

========================================================================
Received Import Request.
  Time since last request: 1.404663 seconds.
  path: Assets/prefab/벽 1_6.prefab
  artifactKey: Guid(dd3da84c5e6b1f94396e1b5c07a8c6ea) Importer(815301076,1909f56bfc062723c751e8b465ee728b)
Start importing Assets/prefab/벽 1_6.prefab using Guid(dd3da84c5e6b1f94396e1b5c07a8c6ea) Importer(815301076,1909f56bfc062723c751e8b465ee728b)  -> (artifact id: '0c84a62714672b997a9042b37195edda') in 0.009428 seconds
  Import took 0.012774 seconds .

========================================================================
Received Import Request.
  Time since last request: 0.000497 seconds.
  path: Assets/prefab/벽 1_6.prefab
  artifactKey: Guid(dd3da84c5e6b1f94396e1b5c07a8c6ea) Importer(815301076,1909f56bfc062723c751e8b465ee728b)
Start importing Assets/prefab/벽 1_6.prefab using Guid(dd3da84c5e6b1f94396e1b5c07a8c6ea) Importer(815301076,1909f56bfc062723c751e8b465ee728b)  -> (artifact id: '0c84a62714672b997a9042b37195edda') in 0.010146 seconds
  Import took 0.013867 seconds .

========================================================================
Received Import Request.
  Time since last request: 1.605996 seconds.
  path: Assets/prefab/벽 1_7.prefab
  artifactKey: Guid(156cb856ce58a8441bec356d9e742b7f) Importer(815301076,1909f56bfc062723c751e8b465ee728b)
Start importing Assets/prefab/벽 1_7.prefab using Guid(156cb856ce58a8441bec356d9e742b7f) Importer(815301076,1909f56bfc062723c751e8b465ee728b)  -> (artifact id: '85095d774069f4d436abb136189228fa') in 0.009020 seconds
  Import took 0.012128 seconds .

========================================================================
Received Import Request.
  Time since last request: 0.001153 seconds.
  path: Assets/prefab/벽 1_7.prefab
  artifactKey: Guid(156cb856ce58a8441bec356d9e742b7f) Importer(815301076,1909f56bfc062723c751e8b465ee728b)
Start importing Assets/prefab/벽 1_7.prefab using Guid(156cb856ce58a8441bec356d9e742b7f) Importer(815301076,1909f56bfc062723c751e8b465ee728b)  -> (artifact id: '85095d774069f4d436abb136189228fa') in 0.009393 seconds
  Import took 0.012768 seconds .

========================================================================
Received Import Request.
  Time since last request: 15.331811 seconds.
  path: Assets/prefab/word3.prefab
  artifactKey: Guid(576aafc99293a4f479154f57c35bf78a) Importer(815301076,1909f56bfc062723c751e8b465ee728b)
Start importing Assets/prefab/word3.prefab using Guid(576aafc99293a4f479154f57c35bf78a) Importer(815301076,1909f56bfc062723c751e8b465ee728b)  -> (artifact id: '326d91c2b5a20b39caef9f4a9134a1fe') in 0.009497 seconds
  Import took 0.012868 seconds .

========================================================================
Received Import Request.
  Time since last request: 6.609227 seconds.
  path: Assets/prefab/word4.prefab
  artifactKey: Guid(195a9746e3e489a4d9b48d67ff8c9868) Importer(815301076,1909f56bfc062723c751e8b465ee728b)
Start importing Assets/prefab/word4.prefab using Guid(195a9746e3e489a4d9b48d67ff8c9868) Importer(815301076,1909f56bfc062723c751e8b465ee728b)  -> (artifact id: 'e2e103268529a47d2317c134a72af9a0') in 0.010140 seconds
  Import took 0.014200 seconds .

========================================================================
Received Import Request.
  Time since last request: 7.134353 seconds.
  path: Assets/prefab/word5.prefab
  artifactKey: Guid(d32a0283c131c7745b1d3d925298fcb9) Importer(815301076,1909f56bfc062723c751e8b465ee728b)
Start importing Assets/prefab/word5.prefab using Guid(d32a0283c131c7745b1d3d925298fcb9) Importer(815301076,1909f56bfc062723c751e8b465ee728b)  -> (artifact id: 'c92de796917d6d49bbdc22660d89f67f') in 0.009847 seconds
  Import took 0.013189 seconds .

========================================================================
Received Import Request.
  Time since last request: 7.378396 seconds.
  path: Assets/prefab/word6.prefab
  artifactKey: Guid(c9263b407ee39aa438bf1d2674474e7b) Importer(815301076,1909f56bfc062723c751e8b465ee728b)
Start importing Assets/prefab/word6.prefab using Guid(c9263b407ee39aa438bf1d2674474e7b) Importer(815301076,1909f56bfc062723c751e8b465ee728b)  -> (artifact id: '3deccda9cbecb2b596e025ef40f806ff') in 0.009859 seconds
  Import took 0.013757 seconds .

========================================================================
Received Import Request.
  Time since last request: 5.493548 seconds.
  path: Assets/prefab/word7.prefab
  artifactKey: Guid(dd3da84c5e6b1f94396e1b5c07a8c6ea) Importer(815301076,1909f56bfc062723c751e8b465ee728b)
Start importing Assets/prefab/word7.prefab using Guid(dd3da84c5e6b1f94396e1b5c07a8c6ea) Importer(815301076,1909f56bfc062723c751e8b465ee728b)  -> (artifact id: 'ae9452dd8bc16fe6df126d6c2c519d43') in 0.009759 seconds
  Import took 0.013342 seconds .

========================================================================
Received Import Request.
  Time since last request: 5.200024 seconds.
  path: Assets/prefab/word8.prefab
  artifactKey: Guid(156cb856ce58a8441bec356d9e742b7f) Importer(815301076,1909f56bfc062723c751e8b465ee728b)
Start importing Assets/prefab/word8.prefab using Guid(156cb856ce58a8441bec356d9e742b7f) Importer(815301076,1909f56bfc062723c751e8b465ee728b)  -> (artifact id: '3f027bae35867d3017812125e1ffede3') in 0.009334 seconds
  Import took 0.013253 seconds .

========================================================================
Received Prepare
Registering precompiled user dll's ...
Registered in 0.001748 seconds.
Begin MonoManager ReloadAssembly
Native extension for WindowsStandalone target not found
Refreshing native plugins compatible for Editor in 0.47 ms, found 1 plugins.
Preloading 0 native plugins for Editor in 0.00 ms.
Mono: successfully reloaded assembly
- Completed reload, in  0.937 seconds
Platform modules already initialized, skipping
Refreshing native plugins compatible for Editor in 0.40 ms, found 1 plugins.
Preloading 0 native plugins for Editor in 0.00 ms.
Unloading 1803 Unused Serialized files (Serialized files now loaded: 0)
System memory in use before: 90.6 MB.
System memory in use after: 90.7 MB.

Unloading 7 unused Assets to reduce memory usage. Loaded Objects now: 2444.
Total: 2.074000 ms (FindLiveObjects: 0.300200 ms CreateObjectMapping: 0.090200 ms MarkObjects: 1.668800 ms  DeleteObjects: 0.013600 ms)

========================================================================
Received Import Request.
  Time since last request: 300.063966 seconds.
  path: Assets/prefab/word3.prefab
  artifactKey: Guid(576aafc99293a4f479154f57c35bf78a) Importer(815301076,1909f56bfc062723c751e8b465ee728b)
Start importing Assets/prefab/word3.prefab using Guid(576aafc99293a4f479154f57c35bf78a) Importer(815301076,1909f56bfc062723c751e8b465ee728b)  -> (artifact id: '33d2b11a9b70cdc110a7867a0dd1ea71') in 0.062259 seconds
  Import took 0.066232 seconds .

========================================================================
Received Import Request.
  Time since last request: 4.706575 seconds.
  path: Assets/prefab/word3.prefab
  artifactKey: Guid(576aafc99293a4f479154f57c35bf78a) Importer(815301076,1909f56bfc062723c751e8b465ee728b)
Start importing Assets/prefab/word3.prefab using Guid(576aafc99293a4f479154f57c35bf78a) Importer(815301076,1909f56bfc062723c751e8b465ee728b)  -> (artifact id: '719f9b762ee37dff7b766c8edfeb7ac0') in 0.009156 seconds
  Import took 0.012682 seconds .

========================================================================
Received Import Request.
  Time since last request: 2.572484 seconds.
  path: Assets/prefab/word3.prefab
  artifactKey: Guid(576aafc99293a4f479154f57c35bf78a) Importer(815301076,1909f56bfc062723c751e8b465ee728b)
Start importing Assets/prefab/word3.prefab using Guid(576aafc99293a4f479154f57c35bf78a) Importer(815301076,1909f56bfc062723c751e8b465ee728b)  -> (artifact id: '250c027d4ffe94293e430185509da477') in 0.009559 seconds
  Import took 0.013060 seconds .

========================================================================
Received Import Request.
  Time since last request: 6.312182 seconds.
  path: Assets/prefab/word3.prefab
  artifactKey: Guid(576aafc99293a4f479154f57c35bf78a) Importer(815301076,1909f56bfc062723c751e8b465ee728b)
Start importing Assets/prefab/word3.prefab using Guid(576aafc99293a4f479154f57c35bf78a) Importer(815301076,1909f56bfc062723c751e8b465ee728b)  -> (artifact id: 'e986db0b9150ae105233f34788fe14c3') in 0.008979 seconds
  Import took 0.011929 seconds .

========================================================================
Received Import Request.
  Time since last request: 2.175296 seconds.
  path: Assets/prefab/word3.prefab
  artifactKey: Guid(576aafc99293a4f479154f57c35bf78a) Importer(815301076,1909f56bfc062723c751e8b465ee728b)
Start importing Assets/prefab/word3.prefab using Guid(576aafc99293a4f479154f57c35bf78a) Importer(815301076,1909f56bfc062723c751e8b465ee728b)  -> (artifact id: '1e255c2fdc718439a0471f141b291109') in 0.010020 seconds
  Import took 0.013687 seconds .

========================================================================
Received Import Request.
  Time since last request: 7.296094 seconds.
  path: Assets/prefab/word4.prefab
  artifactKey: Guid(195a9746e3e489a4d9b48d67ff8c9868) Importer(815301076,1909f56bfc062723c751e8b465ee728b)
Start importing Assets/prefab/word4.prefab using Guid(195a9746e3e489a4d9b48d67ff8c9868) Importer(815301076,1909f56bfc062723c751e8b465ee728b)  -> (artifact id: '251785392b61c0114a37645569a8ed0c') in 0.008787 seconds
  Import took 0.012058 seconds .

========================================================================
Received Import Request.
  Time since last request: 0.000467 seconds.
  path: Assets/prefab/word4.prefab
  artifactKey: Guid(195a9746e3e489a4d9b48d67ff8c9868) Importer(815301076,1909f56bfc062723c751e8b465ee728b)
Start importing Assets/prefab/word4.prefab using Guid(195a9746e3e489a4d9b48d67ff8c9868) Importer(815301076,1909f56bfc062723c751e8b465ee728b)  -> (artifact id: '251785392b61c0114a37645569a8ed0c') in 0.010449 seconds
  Import took 0.013254 seconds .

========================================================================
Received Import Request.
  Time since last request: 1.780160 seconds.
  path: Assets/prefab/word4.prefab
  artifactKey: Guid(195a9746e3e489a4d9b48d67ff8c9868) Importer(815301076,1909f56bfc062723c751e8b465ee728b)
Start importing Assets/prefab/word4.prefab using Guid(195a9746e3e489a4d9b48d67ff8c9868) Importer(815301076,1909f56bfc062723c751e8b465ee728b)  -> (artifact id: 'b3a804c7c00c969173c044ab4d7c7cf9') in 0.014072 seconds
  Import took 0.016918 seconds .

========================================================================
Received Import Request.
  Time since last request: 11.167771 seconds.
  path: Assets/prefab/word4.prefab
  artifactKey: Guid(195a9746e3e489a4d9b48d67ff8c9868) Importer(815301076,1909f56bfc062723c751e8b465ee728b)
Start importing Assets/prefab/word4.prefab using Guid(195a9746e3e489a4d9b48d67ff8c9868) Importer(815301076,1909f56bfc062723c751e8b465ee728b)  -> (artifact id: '05c8c62d20ac4839405d6cc44756107c') in 0.009669 seconds
  Import took 0.013340 seconds .

========================================================================
Received Import Request.
  Time since last request: 2.140421 seconds.
  path: Assets/prefab/word4.prefab
  artifactKey: Guid(195a9746e3e489a4d9b48d67ff8c9868) Importer(815301076,1909f56bfc062723c751e8b465ee728b)
Start importing Assets/prefab/word4.prefab using Guid(195a9746e3e489a4d9b48d67ff8c9868) Importer(815301076,1909f56bfc062723c751e8b465ee728b)  -> (artifact id: '5fca54355d823040e1bef1d5fb740ee9') in 0.009546 seconds
  Import took 0.012510 seconds .

========================================================================
Received Import Request.
  Time since last request: 0.017394 seconds.
  path: Assets/prefab/word4.prefab
  artifactKey: Guid(195a9746e3e489a4d9b48d67ff8c9868) Importer(815301076,1909f56bfc062723c751e8b465ee728b)
Start importing Assets/prefab/word4.prefab using Guid(195a9746e3e489a4d9b48d67ff8c9868) Importer(815301076,1909f56bfc062723c751e8b465ee728b)  -> (artifact id: '5fca54355d823040e1bef1d5fb740ee9') in 0.009090 seconds
  Import took 0.011856 seconds .

========================================================================
Received Import Request.
  Time since last request: 2.927111 seconds.
  path: Assets/prefab/word4.prefab
  artifactKey: Guid(195a9746e3e489a4d9b48d67ff8c9868) Importer(815301076,1909f56bfc062723c751e8b465ee728b)
Start importing Assets/prefab/word4.prefab using Guid(195a9746e3e489a4d9b48d67ff8c9868) Importer(815301076,1909f56bfc062723c751e8b465ee728b)  -> (artifact id: '77ad7467eaaed405795b939c2ce097c5') in 0.010438 seconds
  Import took 0.014141 seconds .

========================================================================
Received Import Request.
  Time since last request: 4.001909 seconds.
  path: Assets/prefab/word5.prefab
  artifactKey: Guid(d32a0283c131c7745b1d3d925298fcb9) Importer(815301076,1909f56bfc062723c751e8b465ee728b)
Start importing Assets/prefab/word5.prefab using Guid(d32a0283c131c7745b1d3d925298fcb9) Importer(815301076,1909f56bfc062723c751e8b465ee728b)  -> (artifact id: '0b0cc82301d43b88a9a1e331daa1440d') in 0.009056 seconds
  Import took 0.012499 seconds .

========================================================================
Received Import Request.
  Time since last request: 4.184847 seconds.
  path: Assets/prefab/word5.prefab
  artifactKey: Guid(d32a0283c131c7745b1d3d925298fcb9) Importer(815301076,1909f56bfc062723c751e8b465ee728b)
Start importing Assets/prefab/word5.prefab using Guid(d32a0283c131c7745b1d3d925298fcb9) Importer(815301076,1909f56bfc062723c751e8b465ee728b)  -> (artifact id: '4038261f5ce9b192e255216daba8fa78') in 0.009447 seconds
  Import took 0.013027 seconds .

========================================================================
Received Import Request.
  Time since last request: 0.013858 seconds.
  path: Assets/prefab/word5.prefab
  artifactKey: Guid(d32a0283c131c7745b1d3d925298fcb9) Importer(815301076,1909f56bfc062723c751e8b465ee728b)
Start importing Assets/prefab/word5.prefab using Guid(d32a0283c131c7745b1d3d925298fcb9) Importer(815301076,1909f56bfc062723c751e8b465ee728b)  -> (artifact id: '4038261f5ce9b192e255216daba8fa78') in 0.009107 seconds
  Import took 0.012004 seconds .

========================================================================
Received Import Request.
  Time since last request: 0.756105 seconds.
  path: Assets/prefab/word5.prefab
  artifactKey: Guid(d32a0283c131c7745b1d3d925298fcb9) Importer(815301076,1909f56bfc062723c751e8b465ee728b)
Start importing Assets/prefab/word5.prefab using Guid(d32a0283c131c7745b1d3d925298fcb9) Importer(815301076,1909f56bfc062723c751e8b465ee728b)  -> (artifact id: 'f6f890cd9116e61f83c6a5db44228512') in 0.009100 seconds
  Import took 0.012320 seconds .

========================================================================
Received Import Request.
  Time since last request: 4.305432 seconds.
  path: Assets/prefab/word5.prefab
  artifactKey: Guid(d32a0283c131c7745b1d3d925298fcb9) Importer(815301076,1909f56bfc062723c751e8b465ee728b)
Start importing Assets/prefab/word5.prefab using Guid(d32a0283c131c7745b1d3d925298fcb9) Importer(815301076,1909f56bfc062723c751e8b465ee728b)  -> (artifact id: 'd005636bdb0ee89b761c06ba9ed7525a') in 0.009065 seconds
  Import took 0.012266 seconds .

========================================================================
Received Import Request.
  Time since last request: 0.000454 seconds.
  path: Assets/prefab/word5.prefab
  artifactKey: Guid(d32a0283c131c7745b1d3d925298fcb9) Importer(815301076,1909f56bfc062723c751e8b465ee728b)
Start importing Assets/prefab/word5.prefab using Guid(d32a0283c131c7745b1d3d925298fcb9) Importer(815301076,1909f56bfc062723c751e8b465ee728b)  -> (artifact id: 'd005636bdb0ee89b761c06ba9ed7525a') in 0.008806 seconds
  Import took 0.011662 seconds .

========================================================================
Received Import Request.
  Time since last request: 3.190653 seconds.
  path: Assets/prefab/word5.prefab
  artifactKey: Guid(d32a0283c131c7745b1d3d925298fcb9) Importer(815301076,1909f56bfc062723c751e8b465ee728b)
Start importing Assets/prefab/word5.prefab using Guid(d32a0283c131c7745b1d3d925298fcb9) Importer(815301076,1909f56bfc062723c751e8b465ee728b)  -> (artifact id: '5fe0f6b4adea2003fc10b8791572078a') in 0.009896 seconds
  Import took 0.013493 seconds .

========================================================================
Received Prepare
Registering precompiled user dll's ...
Registered in 0.001258 seconds.
Begin MonoManager ReloadAssembly
Native extension for WindowsStandalone target not found
Refreshing native plugins compatible for Editor in 0.32 ms, found 1 plugins.
Preloading 0 native plugins for Editor in 0.00 ms.
Mono: successfully reloaded assembly
- Completed reload, in  0.912 seconds
Platform modules already initialized, skipping
Refreshing native plugins compatible for Editor in 0.33 ms, found 1 plugins.
Preloading 0 native plugins for Editor in 0.00 ms.
Unloading 1803 Unused Serialized files (Serialized files now loaded: 0)
System memory in use before: 90.9 MB.
System memory in use after: 91.0 MB.

Unloading 7 unused Assets to reduce memory usage. Loaded Objects now: 2449.
Total: 2.127500 ms (FindLiveObjects: 0.228700 ms CreateObjectMapping: 0.095800 ms MarkObjects: 1.785200 ms  DeleteObjects: 0.016500 ms)

========================================================================
Received Prepare
Registering precompiled user dll's ...
Registered in 0.001819 seconds.
Begin MonoManager ReloadAssembly
Native extension for WindowsStandalone target not found
Refreshing native plugins compatible for Editor in 0.36 ms, found 1 plugins.
Preloading 0 native plugins for Editor in 0.00 ms.
Mono: successfully reloaded assembly
- Completed reload, in  0.928 seconds
Platform modules already initialized, skipping
Refreshing native plugins compatible for Editor in 0.33 ms, found 1 plugins.
Preloading 0 native plugins for Editor in 0.00 ms.
Unloading 1803 Unused Serialized files (Serialized files now loaded: 0)
System memory in use before: 90.9 MB.
System memory in use after: 91.0 MB.

Unloading 7 unused Assets to reduce memory usage. Loaded Objects now: 2453.
Total: 2.199800 ms (FindLiveObjects: 0.191800 ms CreateObjectMapping: 0.073100 ms MarkObjects: 1.916400 ms  DeleteObjects: 0.016800 ms)

========================================================================
Received Prepare
Registering precompiled user dll's ...
Registered in 0.001405 seconds.
Begin MonoManager ReloadAssembly
Native extension for WindowsStandalone target not found
Refreshing native plugins compatible for Editor in 0.32 ms, found 1 plugins.
Preloading 0 native plugins for Editor in 0.00 ms.
Mono: successfully reloaded assembly
- Completed reload, in  0.909 seconds
Platform modules already initialized, skipping
Refreshing native plugins compatible for Editor in 0.37 ms, found 1 plugins.
Preloading 0 native plugins for Editor in 0.00 ms.
Unloading 1803 Unused Serialized files (Serialized files now loaded: 0)
System memory in use before: 90.9 MB.
System memory in use after: 91.0 MB.

Unloading 7 unused Assets to reduce memory usage. Loaded Objects now: 2457.
Total: 2.101500 ms (FindLiveObjects: 0.199100 ms CreateObjectMapping: 0.106900 ms MarkObjects: 1.774600 ms  DeleteObjects: 0.019700 ms)

AssetImportWorkerClient::OnTransportError - code=2 error=End of file
